Component: ARM Compiler 5.06 update 6 (build 750) Tool: armlink [4d35ed]

==============================================================================

Section Cross References

    stm32f10x_it.o(i.EXTI0_IRQHandler) refers to stm32f10x_exti.o(i.EXTI_GetITStatus) for EXTI_GetITStatus
    stm32f10x_it.o(i.EXTI0_IRQHandler) refers to stm32f10x_exti.o(i.EXTI_ClearITPendingBit) for EXTI_ClearITPendingBit
    stm32f10x_it.o(i.EXTI0_IRQHandler) refers to ade7758.o(i.ADE7758_Read_24bit) for ADE7758_Read_24bit
    stm32f10x_it.o(i.EXTI0_IRQHandler) refers to ade7758.o(i.ADE7758_ZX_VI_Read) for ADE7758_ZX_VI_Read
    stm32f10x_it.o(i.EXTI0_IRQHandler) refers to ade7758.o(i.Get_Sequence_Data) for Get_Sequence_Data
    stm32f10x_it.o(i.EXTI0_IRQHandler) refers to ade7758.o(i.ADE7758_ZX_Pwr_Read) for ADE7758_ZX_Pwr_Read
    stm32f10x_it.o(i.EXTI0_IRQHandler) refers to ade7758.o(.bss) for i_data
    stm32f10x_it.o(i.EXTI0_IRQHandler) refers to ade7758.o(.data) for calib_flag
    stm32f10x_it.o(i.SysTick_Handler) refers to user_stm32f1xx_systick.o(i.TimingDelay_Decrement) for TimingDelay_Decrement
    ade7758.o(i.ADE7758_Gain_Calib) refers to ade7758.o(i.ADE7758_Write_8bit) for ADE7758_Write_8bit
    ade7758.o(i.ADE7758_Gain_Calib) refers to ade7758.o(i.ADE7758_Write_16bit) for ADE7758_Write_16bit
    ade7758.o(i.ADE7758_Gain_Calib) refers to ffltui.o(.text) for __aeabi_ui2f
    ade7758.o(i.ADE7758_Gain_Calib) refers to ade7758.o(.data) for phase_flag
    ade7758.o(i.ADE7758_Gain_Calib) refers to ade7758.o(.bss) for watthr
    ade7758.o(i.ADE7758_Gain_Calib_Init) refers to ade7758.o(i.ADE7758_Write_8bit) for ADE7758_Write_8bit
    ade7758.o(i.ADE7758_Gain_Calib_Init) refers to ade7758.o(i.ADE7758_Write_16bit) for ADE7758_Write_16bit
    ade7758.o(i.ADE7758_Gain_Calib_Init) refers to ade7758.o(i.ADE7758_Write_24bit) for ADE7758_Write_24bit
    ade7758.o(i.ADE7758_RMS_Offset_Calib_Init) refers to ade7758.o(i.ADE7758_Write_8bit) for ADE7758_Write_8bit
    ade7758.o(i.ADE7758_RMS_Offset_Calib_Init) refers to ade7758.o(i.ADE7758_Write_24bit) for ADE7758_Write_24bit
    ade7758.o(i.ADE7758_RMS_Offset_Calibration) refers to ade7758.o(.data) for calib_flag
    ade7758.o(i.ADE7758_RMS_Offset_Calibration) refers to ade7758.o(.bss) for get_data_v
    ade7758.o(i.ADE7758_Read_16bit) refers to stm32f10x_gpio.o(i.GPIO_ResetBits) for GPIO_ResetBits
    ade7758.o(i.ADE7758_Read_16bit) refers to user_stm32f1xx_spi.o(i.SPI_WriteByte) for SPI_WriteByte
    ade7758.o(i.ADE7758_Read_16bit) refers to user_stm32f1xx_spi.o(i.SPI_ReadByte) for SPI_ReadByte
    ade7758.o(i.ADE7758_Read_16bit) refers to stm32f10x_gpio.o(i.GPIO_SetBits) for GPIO_SetBits
    ade7758.o(i.ADE7758_Read_24bit) refers to stm32f10x_gpio.o(i.GPIO_ResetBits) for GPIO_ResetBits
    ade7758.o(i.ADE7758_Read_24bit) refers to user_stm32f1xx_spi.o(i.SPI_WriteByte) for SPI_WriteByte
    ade7758.o(i.ADE7758_Read_24bit) refers to user_stm32f1xx_spi.o(i.SPI_ReadByte) for SPI_ReadByte
    ade7758.o(i.ADE7758_Read_24bit) refers to stm32f10x_gpio.o(i.GPIO_SetBits) for GPIO_SetBits
    ade7758.o(i.ADE7758_Read_8bit) refers to stm32f10x_gpio.o(i.GPIO_ResetBits) for GPIO_ResetBits
    ade7758.o(i.ADE7758_Read_8bit) refers to user_stm32f1xx_spi.o(i.SPI_WriteByte) for SPI_WriteByte
    ade7758.o(i.ADE7758_Read_8bit) refers to user_stm32f1xx_spi.o(i.SPI_ReadByte) for SPI_ReadByte
    ade7758.o(i.ADE7758_Read_8bit) refers to stm32f10x_gpio.o(i.GPIO_SetBits) for GPIO_SetBits
    ade7758.o(i.ADE7758_Write_16bit) refers to stm32f10x_gpio.o(i.GPIO_ResetBits) for GPIO_ResetBits
    ade7758.o(i.ADE7758_Write_16bit) refers to user_stm32f1xx_spi.o(i.SPI_WriteByte) for SPI_WriteByte
    ade7758.o(i.ADE7758_Write_16bit) refers to user_stm32f1xx_spi.o(i.SPI_Write2Byte) for SPI_Write2Byte
    ade7758.o(i.ADE7758_Write_16bit) refers to stm32f10x_gpio.o(i.GPIO_SetBits) for GPIO_SetBits
    ade7758.o(i.ADE7758_Write_24bit) refers to stm32f10x_gpio.o(i.GPIO_ResetBits) for GPIO_ResetBits
    ade7758.o(i.ADE7758_Write_24bit) refers to user_stm32f1xx_spi.o(i.SPI_WriteByte) for SPI_WriteByte
    ade7758.o(i.ADE7758_Write_24bit) refers to user_stm32f1xx_spi.o(i.SPI_Write2Byte) for SPI_Write2Byte
    ade7758.o(i.ADE7758_Write_24bit) refers to stm32f10x_gpio.o(i.GPIO_SetBits) for GPIO_SetBits
    ade7758.o(i.ADE7758_Write_8bit) refers to stm32f10x_gpio.o(i.GPIO_ResetBits) for GPIO_ResetBits
    ade7758.o(i.ADE7758_Write_8bit) refers to user_stm32f1xx_spi.o(i.SPI_WriteByte) for SPI_WriteByte
    ade7758.o(i.ADE7758_Write_8bit) refers to stm32f10x_gpio.o(i.GPIO_SetBits) for GPIO_SetBits
    ade7758.o(i.ADE7758_ZX_Pwr_Read) refers to ade7758.o(i.Active_Pwr_Read) for Active_Pwr_Read
    ade7758.o(i.ADE7758_ZX_Pwr_Read) refers to ade7758.o(i.Reactive_Pwr_Read) for Reactive_Pwr_Read
    ade7758.o(i.ADE7758_ZX_Pwr_Read) refers to ade7758.o(i.Apparent_Pwr_Read) for Apparent_Pwr_Read
    ade7758.o(i.ADE7758_ZX_VI_Read) refers to ade7758.o(i.Vrms_Read) for Vrms_Read
[...]
    user_stm32f1xx_exti.o(i.NVIC_Configuration) refers to misc.o(i.NVIC_Init) for NVIC_Init
    user_stm32f1xx_exti.o(i.NVIC_Configuration) refers to user_stm32f1xx_exti.o(.data) for NVIC_InitStructure
    user_stm32f1xx_gpio.o(i.GPIO_Configuration) refers to stm32f10x_gpio.o(i.GPIO_Init) for GPIO_Init
    user_stm32f1xx_gpio.o(i.GPIO_Configuration) refers to user_stm32f1xx_gpio.o(.data) for GPIO_InitStructure
    user_stm32f1xx_gpio.o(i.GPIO_EXTI0_Configuration) refers to stm32f10x_gpio.o(i.GPIO_Init) for GPIO_Init
    user_stm32f1xx_gpio.o(i.GPIO_EXTI0_Configuration) refers to stm32f10x_gpio.o(i.GPIO_EXTILineConfig) for GPIO_EXTILineConfig
    user_stm32f1xx_gpio.o(i.GPIO_EXTI0_Configuration) refers to user_stm32f1xx_gpio.o(.data) for GPIO_InitStructure
    user_stm32f1xx_gpio.o(i.GPIO_SPI_Configuration) refers to stm32f10x_gpio.o(i.GPIO_Init) for GPIO_Init
    user_stm32f1xx_gpio.o(i.GPIO_SPI_Configuration) refers to user_stm32f1xx_gpio.o(.data) for GPIO_InitStructure
    user_stm32f1xx_lcd_text.o(i.LCD_Clear) refers to user_stm32f1xx_lcd_text.o(i.LCD_Send) for LCD_Send
    user_stm32f1xx_lcd_text.o(i.LCD_Enable) refers to stm32f10x_gpio.o(i.GPIO_SetBits) for GPIO_SetBits
    user_stm32f1xx_lcd_text.o(i.LCD_Enable) refers to user_stm32f1xx_systick.o(i.SystemTick_Delay_Us) for SystemTick_Delay_Us
    user_stm32f1xx_lcd_text.o(i.LCD_Enable) refers to stm32f10x_gpio.o(i.GPIO_ResetBits) for GPIO_ResetBits
    user_stm32f1xx_lcd_text.o(i.LCD_Enable) refers to user_stm32f1xx_systick.o(i.SystemTick_Delay_ms) for SystemTick_Delay_ms
    user_stm32f1xx_lcd_text.o(i.LCD_GotoXY) refers to user_stm32f1xx_lcd_text.o(i.LCD_Send) for LCD_Send
    user_stm32f1xx_lcd_text.o(i.LCD_Init) refers to user_stm32f1xx_systick.o(i.SystemTick_Delay_ms) for SystemTick_Delay_ms
    user_stm32f1xx_lcd_text.o(i.LCD_Init) refers to user_stm32f1xx_lcd_text.o(i.LCD_Send) for LCD_Send
    user_stm32f1xx_lcd_text.o(i.LCD_Init) refers to user_stm32f1xx_systick.o(i.SystemTick_Delay_Us) for SystemTick_Delay_Us
    user_stm32f1xx_lcd_text.o(i.LCD_Send) refers to stm32f10x_gpio.o(i.GPIO_SetBits) for GPIO_SetBits
    user_stm32f1xx_lcd_text.o(i.LCD_Send) refers to user_stm32f1xx_lcd_text.o(i.LCD_Send_4bit) for LCD_Send_4bit
    user_stm32f1xx_lcd_text.o(i.LCD_Send) refers to user_stm32f1xx_lcd_text.o(i.LCD_Enable) for LCD_Enable
    user_stm32f1xx_lcd_text.o(i.LCD_Send) refers to stm32f10x_gpio.o(i.GPIO_ResetBits) for GPIO_ResetBits
    user_stm32f1xx_lcd_text.o(i.LCD_Send_4bit) refers to stm32f10x_gpio.o(i.GPIO_WriteBit) for GPIO_WriteBit
    user_stm32f1xx_lcd_text.o(i.LCD_Write_Char) refers to user_stm32f1xx_lcd_text.o(i.LCD_Send) for LCD_Send
    user_stm32f1xx_lcd_text.o(i.LCD_Write_Decimal_Number) refers to user_stm32f1xx_lcd_text.o(i.LCD_Write_Char) for LCD_Write_Char
    user_stm32f1xx_lcd_text.o(i.LCD_Write_String) refers to user_stm32f1xx_lcd_text.o(i.LCD_Write_Char) for LCD_Write_Char
    user_stm32f1xx_spi.o(i.SPI_Configuration) refers to user_stm32f1xx_gpio.o(i.GPIO_SPI_Configuration) for GPIO_SPI_Configuration
    user_stm32f1xx_spi.o(i.SPI_Configuration) refers to stm32f10x_spi.o(i.SPI_Init) for SPI_Init
    user_stm32f1xx_spi.o(i.SPI_Configuration) refers to stm32f10x_spi.o(i.SPI_NSSInternalSoftwareConfig) for SPI_NSSInternalSoftwareConfig
    user_stm32f1xx_spi.o(i.SPI_Configuration) refers to stm32f10x_spi.o(i.SPI_Cmd) for SPI_Cmd
    user_stm32f1xx_spi.o(i.SPI_LCD5110_Configuration) refers to user_stm32f1xx_gpio.o(i.GPIO_SPI_Configuration) for GPIO_SPI_Configuration
    user_stm32f1xx_spi.o(i.SPI_LCD5110_Configuration) refers to stm32f10x_spi.o(i.SPI_Init) for SPI_Init
    user_stm32f1xx_spi.o(i.SPI_LCD5110_Configuration) refers to stm32f10x_spi.o(i.SPI_NSSInternalSoftwareConfig) for SPI_NSSInternalSoftwareConfig
    user_stm32f1xx_spi.o(i.SPI_LCD5110_Configuration) refers to stm32f10x_spi.o(i.SPI_Cmd) for SPI_Cmd
    user_stm32f1xx_spi.o(i.SPI_ReadByte) refers to user_stm32f1xx_spi.o(i.SPI_WriteRead8) for SPI_WriteRead8
    user_stm32f1xx_spi.o(i.SPI_Send_Byte) refers to stm32f10x_spi.o(i.SPI_I2S_SendData) for SPI_I2S_SendData
    user_stm32f1xx_spi.o(i.SPI_Send_Byte) refers to stm32f10x_spi.o(i.SPI_I2S_GetFlagStatus) for SPI_I2S_GetFlagStatus
    user_stm32f1xx_spi.o(i.SPI_Write2Byte) refers to user_stm32f1xx_spi.o(i.SPI_WriteRead16) for SPI_WriteRead16
    user_stm32f1xx_spi.o(i.SPI_WriteByte) refers to user_stm32f1xx_spi.o(i.SPI_WriteRead8) for SPI_WriteRead8
    user_stm32f1xx_spi.o(i.SPI_WriteRead16) refers to stm32f10x_spi.o(i.SPI_I2S_SendData) for SPI_I2S_SendData
    user_stm32f1xx_spi.o(i.SPI_WriteRead16) refers to stm32f10x_spi.o(i.SPI_I2S_GetFlagStatus) for SPI_I2S_GetFlagStatus
    user_stm32f1xx_spi.o(i.SPI_WriteRead16) refers to stm32f10x_spi.o(i.SPI_I2S_ReceiveData) for SPI_I2S_ReceiveData
    user_stm32f1xx_spi.o(i.SPI_WriteRead8) refers to stm32f10x_spi.o(i.SPI_I2S_SendData) for SPI_I2S_SendData
    user_stm32f1xx_spi.o(i.SPI_WriteRead8) refers to stm32f10x_spi.o(i.SPI_I2S_GetFlagStatus) for SPI_I2S_GetFlagStatus
    user_stm32f1xx_spi.o(i.SPI_WriteRead8) refers to stm32f10x_spi.o(i.SPI_I2S_ReceiveData) for SPI_I2S_ReceiveData
    user_stm32f1xx_systick.o(i.SystemTick_Delay_Us) refers to user_stm32f1xx_systick.o(.data) for Us_Ticks
    user_stm32f1xx_systick.o(i.SystemTick_Delay_ms) refers to user_stm32f1xx_systick.o(i.SystemTick_Delay_Us) for SystemTick_Delay_Us
    user_stm32f1xx_systick.o(i.SystemTick_Timer_Init) refers to system_stm32f10x.o(.data) for SystemCoreClock
    user_stm32f1xx_systick.o(i.TimingDelay_Decrement) refers to user_stm32f1xx_systick.o(.data) for Us_Ticks
    user_stm32f1xx_tim.o(i.Channel1_Force_To_High) refers to stm32f10x_tim.o(i.TIM_ForcedOC1Config) for TIM_ForcedOC1Config
    user_stm32f1xx_tim.o(i.Channel1_Force_To_Low) refers to stm32f10x_tim.o(i.TIM_ForcedOC1Config) for TIM_ForcedOC1Config
    user_stm32f1xx_tim.o(i.Channel1_Pulsing) refers to stm32f10x_tim.o(i.TIM_SelectOCxM) for TIM_SelectOCxM
    user_stm32f1xx_tim.o(i.Channel1_Pulsing) refers to stm32f10x_tim.o(i.TIM_CCxCmd) for TIM_CCxCmd
    user_stm32f1xx_tim.o(i.Channel2_Force_To_High) refers to stm32f10x_tim.o(i.TIM_ForcedOC2Config) for TIM_ForcedOC2Config
    user_stm32f1xx_tim.o(i.Channel2_Force_To_Low) refers to stm32f10x_tim.o(i.TIM_ForcedOC2Config) for TIM_ForcedOC2Config
    user_stm32f1xx_tim.o(i.Channel2_Pulsing) refers to stm32f10x_tim.o(i.TIM_SelectOCxM) for TIM_SelectOCxM
    user_stm32f1xx_tim.o(i.Channel2_Pulsing) refers to stm32f10x_tim.o(i.TIM_CCxCmd) for TIM_CCxCmd
    user_stm32f1xx_tim.o(i.Channel3_Depulsing) refers to stm32f10x_tim.o(i.TIM_CCxCmd) for TIM_CCxCmd
    user_stm32f1xx_tim.o(i.Channel3_Force_To_High) refers to stm32f10x_tim.o(i.TIM_ForcedOC3Config) for TIM_ForcedOC3Config
    user_stm32f1xx_tim.o(i.Channel3_Force_To_Low) refers to stm32f10x_tim.o(i.TIM_ForcedOC3Config) for TIM_ForcedOC3Config
    user_stm32f1xx_tim.o(i.Channel3_Pulsing) refers to stm32f10x_tim.o(i.TIM_SelectOCxM) for TIM_SelectOCxM
    user_stm32f1xx_tim.o(i.Channel3_Pulsing) refers to stm32f10x_tim.o(i.TIM_CCxCmd) for TIM_CCxCmd
    user_stm32f1xx_tim.o(i.Timer_Configuration_PWM) refers to stm32f10x_tim.o(i.TIM_TimeBaseStructInit) for TIM_TimeBaseStructInit
    user_stm32f1xx_tim.o(i.Timer_Configuration_PWM) refers to stm32f10x_tim.o(i.TIM_TimeBaseInit) for TIM_TimeBaseInit
    user_stm32f1xx_tim.o(i.Timer_Configuration_PWM) refers to stm32f10x_tim.o(i.TIM_OCStructInit) for TIM_OCStructInit
    user_stm32f1xx_tim.o(i.Timer_Configuration_PWM) refers to stm32f10x_tim.o(i.TIM_OC1Init) for TIM_OC1Init
    user_stm32f1xx_tim.o(i.Timer_Configuration_PWM) refers to stm32f10x_tim.o(i.TIM_OC1PreloadConfig) for TIM_OC1PreloadConfig
    user_stm32f1xx_tim.o(i.Timer_Configuration_PWM) refers to stm32f10x_tim.o(i.TIM_OC2Init) for TIM_OC2Init
    user_stm32f1xx_tim.o(i.Timer_Configuration_PWM) refers to stm32f10x_tim.o(i.TIM_OC2PreloadConfig) for TIM_OC2PreloadConfig
    user_stm32f1xx_tim.o(i.Timer_Configuration_PWM) refers to stm32f10x_tim.o(i.TIM_OC3Init) for TIM_OC3Init
    user_stm32f1xx_tim.o(i.Timer_Configuration_PWM) refers to stm32f10x_tim.o(i.TIM_OC3PreloadConfig) for TIM_OC3PreloadConfig
    user_stm32f1xx_tim.o(i.Timer_Configuration_PWM) refers to stm32f10x_tim.o(i.TIM_ARRPreloadConfig) for TIM_ARRPreloadConfig
    user_stm32f1xx_tim.o(i.Timer_Configuration_PWM) refers to system_stm32f10x.o(.data) for SystemCoreClock
    user_stm32f1xx_tim.o(i.Timer_Configuration_PWM) refers to user_stm32f1xx_tim.o(.data) for ARR_Val
    user_stm32f1xx_tim.o(i.Timer_Disable) refers to stm32f10x_tim.o(i.TIM_Cmd) for TIM_Cmd
    user_stm32f1xx_tim.o(i.Timer_Enable) refers to stm32f10x_tim.o(i.TIM_Cmd) for TIM_Cmd
    user_stm32f1xx_tim.o(i.Update_Duty_Channel1) refers to stm32f10x_tim.o(i.TIM_SetCompare1) for TIM_SetCompare1
    user_stm32f1xx_tim.o(i.Update_Duty_Channel1) refers to user_stm32f1xx_tim.o(.data) for ARR_Val
    user_stm32f1xx_tim.o(i.Update_Duty_Channel2) refers to stm32f10x_tim.o(i.TIM_SetCompare2) for TIM_SetCompare2
    user_stm32f1xx_tim.o(i.Update_Duty_Channel2) refers to user_stm32f1xx_tim.o(.data) for ARR_Val
    user_stm32f1xx_tim.o(i.Update_Duty_Channel3) refers to stm32f10x_tim.o(i.TIM_SetCompare3) for TIM_SetCompare3
    user_stm32f1xx_tim.o(i.Update_Duty_Channel3) refers to user_stm32f1xx_tim.o(.data) for ARR_Val
    stm32f10x_adc.o(i.ADC_DeInit) refers to stm32f10x_rcc.o(i.RCC_APB2PeriphResetCmd) for RCC_APB2PeriphResetCmd
    stm32f10x_bkp.o(i.BKP_DeInit) refers to stm32f10x_rcc.o(i.RCC_BackupResetCmd) for RCC_BackupResetCmd
    stm32f10x_can.o(i.CAN_DeInit) refers to stm32f10x_rcc.o(i.RCC_APB1PeriphResetCmd) for RCC_APB1PeriphResetCmd
    stm32f10x_can.o(i.CAN_GetITStatus) refers to stm32f10x_can.o(i.CheckITStatus) for CheckITStatus
    stm32f10x_cec.o(i.CEC_DeInit) refers to stm32f10x_rcc.o(i.RCC_APB1PeriphResetCmd) for RCC_APB1PeriphResetCmd
    stm32f10x_dac.o(i.DAC_DeInit) refers to stm32f10x_rcc.o(i.RCC_APB1PeriphResetCmd) for RCC_APB1PeriphResetCmd
    stm32f10x_flash.o(i.FLASH_EnableWriteProtection) refers to stm32f10x_flash.o(i.FLASH_WaitForLastOperation) for FLASH_WaitForLastOperation
    stm32f10x_flash.o(i.FLASH_EraseAllBank1Pages) refers to stm32f10x_flash.o(i.FLASH_WaitForLastBank1Operation) for FLASH_WaitForLastBank1Operation
    stm32f10x_flash.o(i.FLASH_EraseAllPages) refers to stm32f10x_flash.o(i.FLASH_WaitForLastOperation) for FLASH_WaitForLastOperation
    stm32f10x_flash.o(i.FLASH_EraseOptionBytes) refers to stm32f10x_flash.o(i.FLASH_GetReadOutProtectionStatus) for FLASH_GetReadOutProtectionStatus
    stm32f10x_flash.o(i.FLASH_EraseOptionBytes) refers to stm32f10x_flash.o(i.FLASH_WaitForLastOperation) for FLASH_WaitForLastOperation
    stm32f10x_flash.o(i.FLASH_ErasePage) refers to stm32f10x_flash.o(i.FLASH_WaitForLastOperation) for FLASH_WaitForLastOperation
    stm32f10x_flash.o(i.FLASH_ProgramHalfWord) refers to stm32f10x_flash.o(i.FLASH_WaitForLastOperation) for FLASH_WaitForLastOperation
    stm32f10x_flash.o(i.FLASH_ProgramOptionByteData) refers to stm32f10x_flash.o(i.FLASH_WaitForLastOperation) for FLASH_WaitForLastOperation
    stm32f10x_flash.o(i.FLASH_ProgramWord) refers to stm32f10x_flash.o(i.FLASH_WaitForLastOperation) for FLASH_WaitForLastOperation
    stm32f10x_flash.o(i.FLASH_ReadOutProtection) refers to stm32f10x_flash.o(i.FLASH_WaitForLastOperation) for FLASH_WaitForLastOperation
    stm32f10x_flash.o(i.FLASH_UserOptionByteConfig) refers to stm32f10x_flash.o(i.FLASH_WaitForLastOperation) for FLASH_WaitForLastOperation
    stm32f10x_flash.o(i.FLASH_WaitForLastBank1Operation) refers to stm32f10x_flash.o(i.FLASH_GetBank1Status) for FLASH_GetBank1Status
    stm32f10x_flash.o(i.FLASH_WaitForLastOperation) refers to stm32f10x_flash.o(i.FLASH_GetBank1Status) for FLASH_GetBank1Status
    stm32f10x_gpio.o(i.GPIO_AFIODeInit) refers to stm32f10x_rcc.o(i.RCC_APB2PeriphResetCmd) for RCC_APB2PeriphResetCmd
    stm32f10x_gpio.o(i.GPIO_DeInit) refers to stm32f10x_rcc.o(i.RCC_APB2PeriphResetCmd) for RCC_APB2PeriphResetCmd
    stm32f10x_i2c.o(i.I2C_DeInit) refers to stm32f10x_rcc.o(i.RCC_APB1PeriphResetCmd) for RCC_APB1PeriphResetCmd
    stm32f10x_i2c.o(i.I2C_Init) refers to stm32f10x_rcc.o(i.RCC_GetClocksFreq) for RCC_GetClocksFreq
    stm32f10x_pwr.o(i.PWR_DeInit) refers to stm32f10x_rcc.o(i.RCC_APB1PeriphResetCmd) for RCC_APB1PeriphResetCmd
    stm32f10x_rcc.o(i.RCC_GetClocksFreq) refers to stm32f10x_rcc.o(.data) for APBAHBPrescTable
    stm32f10x_rcc.o(i.RCC_WaitForHSEStartUp) refers to stm32f10x_rcc.o(i.RCC_GetFlagStatus) for RCC_GetFlagStatus
    stm32f10x_rtc.o(i.RTC_SetAlarm) refers to stm32f10x_rtc.o(i.RTC_EnterConfigMode) for RTC_EnterConfigMode
    stm32f10x_rtc.o(i.RTC_SetAlarm) refers to stm32f10x_rtc.o(i.RTC_ExitConfigMode) for RTC_ExitConfigMode
    stm32f10x_rtc.o(i.RTC_SetCounter) refers to stm32f10x_rtc.o(i.RTC_EnterConfigMode) for RTC_EnterConfigMode
    stm32f10x_rtc.o(i.RTC_SetCounter) refers to stm32f10x_rtc.o(i.RTC_ExitConfigMode) for RTC_ExitConfigMode
    stm32f10x_rtc.o(i.RTC_SetPrescaler) refers to stm32f10x_rtc.o(i.RTC_EnterConfigMode) for RTC_EnterConfigMode
    stm32f10x_rtc.o(i.RTC_SetPrescaler) refers to stm32f10x_rtc.o(i.RTC_ExitConfigMode) for RTC_ExitConfigMode
    stm32f10x_spi.o(i.I2S_Init) refers to stm32f10x_rcc.o(i.RCC_GetClocksFreq) for RCC_GetClocksFreq
    stm32f10x_spi.o(i.SPI_I2S_DeInit) refers to stm32f10x_rcc.o(i.RCC_APB2PeriphResetCmd) for RCC_APB2PeriphResetCmd
    stm32f10x_spi.o(i.SPI_I2S_DeInit) refers to stm32f10x_rcc.o(i.RCC_APB1PeriphResetCmd) for RCC_APB1PeriphResetCmd
    stm32f10x_tim.o(i.TIM_DeInit) refers to stm32f10x_rcc.o(i.RCC_APB2PeriphResetCmd) for RCC_APB2PeriphResetCmd
    stm32f10x_tim.o(i.TIM_DeInit) refers to stm32f10x_rcc.o(i.RCC_APB1PeriphResetCmd) for RCC_APB1PeriphResetCmd
    stm32f10x_tim.o(i.TIM_ETRClockMode1Config) refers to stm32f10x_tim.o(i.TIM_ETRConfig) for TIM_ETRConfig
    stm32f10x_tim.o(i.TIM_ETRClockMode2Config) refers to stm32f10x_tim.o(i.TIM_ETRConfig) for TIM_ETRConfig
    stm32f10x_tim.o(i.TIM_ICInit) refers to stm32f10x_tim.o(i.TI1_Config) for TI1_Config
    stm32f10x_tim.o(i.TIM_ICInit) refers to stm32f10x_tim.o(i.TIM_SetIC1Prescaler) for TIM_SetIC1Prescaler
    stm32f10x_tim.o(i.TIM_ICInit) refers to stm32f10x_tim.o(i.TI2_Config) for TI2_Config
    stm32f10x_tim.o(i.TIM_ICInit) refers to stm32f10x_tim.o(i.TIM_SetIC2Prescaler) for TIM_SetIC2Prescaler
    stm32f10x_tim.o(i.TIM_ICInit) refers to stm32f10x_tim.o(i.TI3_Config) for TI3_Config
    stm32f10x_tim.o(i.TIM_ICInit) refers to stm32f10x_tim.o(i.TIM_SetIC3Prescaler) for TIM_SetIC3Prescaler
    stm32f10x_tim.o(i.TIM_ICInit) refers to stm32f10x_tim.o(i.TI4_Config) for TI4_Config
    stm32f10x_tim.o(i.TIM_ICInit) refers to stm32f10x_tim.o(i.TIM_SetIC4Prescaler) for TIM_SetIC4Prescaler
    stm32f10x_tim.o(i.TIM_ITRxExternalClockConfig) refers to stm32f10x_tim.o(i.TIM_SelectInputTrigger) for TIM_SelectInputTrigger
    stm32f10x_tim.o(i.TIM_PWMIConfig) refers to stm32f10x_tim.o(i.TI1_Config) for TI1_Config
    stm32f10x_tim.o(i.TIM_PWMIConfig) refers to stm32f10x_tim.o(i.TIM_SetIC1Prescaler) for TIM_SetIC1Prescaler
    stm32f10x_tim.o(i.TIM_PWMIConfig) refers to stm32f10x_tim.o(i.TI2_Config) for TI2_Config
    stm32f10x_tim.o(i.TIM_PWMIConfig) refers to stm32f10x_tim.o(i.TIM_SetIC2Prescaler) for TIM_SetIC2Prescaler
    stm32f10x_tim.o(i.TIM_TIxExternalClockConfig) refers to stm32f10x_tim.o(i.TI2_Config) for TI2_Config
    stm32f10x_tim.o(i.TIM_TIxExternalClockConfig) refers to stm32f10x_tim.o(i.TI1_Config) for TI1_Config
    stm32f10x_tim.o(i.TIM_TIxExternalClockConfig) refers to stm32f10x_tim.o(i.TIM_SelectInputTrigger) for TIM_SelectInputTrigger
    stm32f10x_usart.o(i.USART_DeInit) refers to stm32f10x_rcc.o(i.RCC_APB2PeriphResetCmd) for RCC_APB2PeriphResetCmd
    stm32f10x_usart.o(i.USART_DeInit) refers to stm32f10x_rcc.o(i.RCC_APB1PeriphResetCmd) for RCC_APB1PeriphResetCmd
    stm32f10x_usart.o(i.USART_Init) refers to stm32f10x_rcc.o(i.RCC_GetClocksFreq) for RCC_GetClocksFreq
    stm32f10x_wwdg.o(i.WWDG_DeInit) refers to stm32f10x_rcc.o(i.RCC_APB1PeriphResetCmd) for RCC_APB1PeriphResetCmd
    system_stm32f10x.o(i.SetSysClock) refers to system_stm32f10x.o(i.SetSysClockTo72) for SetSysClockTo72
    system_stm32f10x.o(i.SystemCoreClockUpdate) refers to system_stm32f10x.o(.data) for SystemCoreClock
    system_stm32f10x.o(i.SystemInit) refers to system_stm32f10x.o(i.SetSysClock) for SetSysClock
    startup_stm32f10x_md.o(RESET) refers to startup_stm32f10x_md.o(STACK) for __initial_sp
    startup_stm32f10x_md.o(RESET) refers to startup_stm32f10x_md.o(.text) for Reset_Handler
    startup_stm32f10x_md.o(RESET) refers to stm32f10x_it.o(i.NMI_Handler) for NMI_Handler
    startup_stm32f10x_md.o(RESET) refers to stm32f10x_it.o(i.HardFault_Handler) for HardFault_Handler
    startup_stm32f10x_md.o(RESET) refers to stm32f10x_it.o(i.MemManage_Handler) for MemManage_Handler
    startup_stm32f10x_md.o(RESET) refers to stm32f10x_it.o(i.BusFault_Handler) for BusFault_Handler
    startup_stm32f10x_md.o(RESET) refers to stm32f10x_it.o(i.UsageFault_Handler) for UsageFault_Handler
    startup_stm32f10x_md.o(RESET) refers to stm32f10x_it.o(i.SVC_Handler) for SVC_Handler
    startup_stm32f10x_md.o(RESET) refers to stm32f10x_it.o(i.DebugMon_Handler) for DebugMon_Handler
    startup_stm32f10x_md.o(RESET) refers to stm32f10x_it.o(i.PendSV_Handler) for PendSV_Handler
    startup_stm32f10x_md.o(RESET) refers to stm32f10x_it.o(i.SysTick_Handler) for SysTick_Handler
    startup_stm32f10x_md.o(RESET) refers to stm32f10x_it.o(i.EXTI0_IRQHandler) for EXTI0_IRQHandler
    startup_stm32f10x_md.o(.text) refers to system_stm32f10x.o(i.SystemInit) for SystemInit
    startup_stm32f10x_md.o(.text) refers to entry.o(.ARM.Collect$$$$00000000) for __main
    entry.o(.ARM.Collect$$$$00000000) refers (Special) to entry10a.o(.ARM.Collect$$$$0000000D) for __rt_final_cpp
    entry.o(.ARM.Collect$$$$00000000) refers (Special) to entry11a.o(.ARM.Collect$$$$0000000F) for __rt_final_exit
    entry.o(.ARM.Collect$$$$00000000) refers (Special) to entry7b.o(.ARM.Collect$$$$00000008) for _main_clock
    entry.o(.ARM.Collect$$$$00000000) refers (Special) to entry8b.o(.ARM.Collect$$$$0000000A) for _main_cpp_init
    entry.o(.ARM.Collect$$$$00000000) refers (Special) to entry9a.o(.ARM.Collect$$$$0000000B) for _main_init
    entry.o(.ARM.Collect$$$$00000000) refers (Special) to entry5.o(.ARM.Collect$$$$00000004) for _main_scatterload
    entry.o(.ARM.Collect$$$$00000000) refers (Special) to entry2.o(.ARM.Collect$$$$00000001) for _main_stk
    ffltui.o(.text) refers (Special) to iusefp.o(.text) for __I$use$fp
    ffltui.o(.text) refers to fepilogue.o(.text) for _float_epilogue
    entry2.o(.ARM.Collect$$$$00000001) refers to entry2.o(.ARM.Collect$$$$00002712) for __lit__00000000
    entry2.o(.ARM.Collect$$$$00002712) refers to startup_stm32f10x_md.o(STACK) for __initial_sp
    entry2.o(__vectab_stack_and_reset_area) refers to startup_stm32f10x_md.o(STACK) for __initial_sp
    entry2.o(__vectab_stack_and_reset_area) refers to entry.o(.ARM.Collect$$$$00000000) for __main
    entry5.o(.ARM.Collect$$$$00000004) refers to init.o(.text) for __scatterload
    entry9a.o(.ARM.Collect$$$$0000000B) refers to main.o(i.main) for main
    entry9b.o(.ARM.Collect$$$$0000000C) refers to main.o(i.main) for main
    init.o(.text) refers to entry5.o(.ARM.Collect$$$$00000004) for __main_after_scatterload


==============================================================================

Removing Unused input sections from the image.

    Removing ade7758.o(i.ADE7758_Gain_Calib), (284 bytes).
    Removing ade7758.o(i.ADE7758_Gain_Calib_Init), (120 bytes).
    Removing ade7758.o(i.ADE7758_RMS_Offset_Calib_Init), (22 bytes).
    Removing ade7758.o(i.ADE7758_RMS_Offset_Calibration), (324 bytes).
    Removing ade7758.o(i.ADE7758_Write_16bit), (44 bytes).
    Removing ade7758.o(i.ADE7758_Write_24bit), (52 bytes).
    Removing ade7758.o(i.ADE7758_Write_8bit), (44 bytes).
    Removing lcd5110.o(i.LCD5110_Bitmap), (26 bytes).
    Removing lcd5110.o(i.LCD5110_Clr), (34 bytes).
    Removing lcd5110.o(i.LCD5110_GotoXY), (28 bytes).
    Removing lcd5110.o(i.LCD5110_Init), (100 bytes).
    Removing lcd5110.o(i.LCD5110_ShiftOut), (12 bytes).
    Removing lcd5110.o(i.LCD5110_Write), (56 bytes).
    Removing lcd5110.o(i.LCD5110_write_char), (48 bytes).
    Removing lcd5110.o(i.LCD5110_write_sring), (22 bytes).
    Removing lcd5110.o(.constdata), (558 bytes).
    Removing user_stm32f1xx_clock.o(i.AHB_Clock_Configuration), (10 bytes).
    Removing user_stm32f1xx_clock.o(i.System_Clock_Configuration), (22 bytes).
    Removing user_stm32f1xx_exti.o(i.EXTI0_Configuration), (44 bytes).
    Removing user_stm32f1xx_exti.o(i.NVIC_Configuration), (40 bytes).
    Removing user_stm32f1xx_exti.o(i.NVIC_EXTI_Disable), (24 bytes).
    Removing user_stm32f1xx_exti.o(i.NVIC_EXTI_Enable), (22 bytes).
    Removing user_stm32f1xx_exti.o(.data), (12 bytes).
    Removing user_stm32f1xx_gpio.o(i.GPIO_EXTI0_Configuration), (36 bytes).
    Removing user_stm32f1xx_lcd_text.o(i.LCD_Clear), (12 bytes).
    Removing user_stm32f1xx_lcd_text.o(i.LCD_Enable), (40 bytes).
    Removing user_stm32f1xx_lcd_text.o(i.LCD_GotoXY), (54 bytes).
    Removing user_stm32f1xx_lcd_text.o(i.LCD_Init), (86 bytes).
    Removing user_stm32f1xx_lcd_text.o(i.LCD_Send), (76 bytes).
    Removing user_stm32f1xx_lcd_text.o(i.LCD_Send_4bit), (68 bytes).
    Removing user_stm32f1xx_lcd_text.o(i.LCD_Write_Char), (14 bytes).
    Removing user_stm32f1xx_lcd_text.o(i.LCD_Write_Decimal_Number), (76 bytes).
    Removing user_stm32f1xx_lcd_text.o(i.LCD_Write_String), (22 bytes).
    Removing user_stm32f1xx_spi.o(i.SPI_LCD5110_Configuration), (104 bytes).
    Removing user_stm32f1xx_spi.o(i.SPI_Send_Byte), (32 bytes).
    Removing user_stm32f1xx_spi.o(i.SPI_Write2Byte), (12 bytes).
    Removing user_stm32f1xx_spi.o(i.SPI_WriteRead16), (56 bytes).
    Removing user_stm32f1xx_systick.o(i.SystemTick_Delay_Us), (24 bytes).
    Removing user_stm32f1xx_systick.o(i.SystemTick_Delay_ms), (24 bytes).
    Removing user_stm32f1xx_tim.o(i.Channel1_Force_To_High), (16 bytes).
    Removing user_stm32f1xx_tim.o(i.Channel1_Force_To_Low), (16 bytes).
    Removing user_stm32f1xx_tim.o(i.Channel1_Pulsing), (28 bytes).
    Removing user_stm32f1xx_tim.o(i.Channel2_Force_To_High), (16 bytes).
    Removing user_stm32f1xx_tim.o(i.Channel2_Force_To_Low), (16 bytes).
    Removing user_stm32f1xx_tim.o(i.Channel2_Pulsing), (28 bytes).
    Removing user_stm32f1xx_tim.o(i.Channel3_Depulsing), (20 bytes).
    Removing user_stm32f1xx_tim.o(i.Channel3_Force_To_High), (16 bytes).
    Removing user_stm32f1xx_tim.o(i.Channel3_Force_To_Low), (16 bytes).
    Removing user_stm32f1xx_tim.o(i.Channel3_Pulsing), (28 bytes).
    Removing user_stm32f1xx_tim.o(i.Timer_Configuration_PWM), (264 bytes).
    Removing user_stm32f1xx_tim.o(i.Timer_Disable), (16 bytes).
    Removing user_stm32f1xx_tim.o(i.Timer_Enable), (16 bytes).
    Removing user_stm32f1xx_tim.o(i.Update_Duty_Channel1), (64 bytes).
    Removing user_stm32f1xx_tim.o(i.Update_Duty_Channel2), (64 bytes).
    Removing user_stm32f1xx_tim.o(i.Update_Duty_Channel3), (64 bytes).
    Removing user_stm32f1xx_tim.o(.data), (2 bytes).
    Removing misc.o(i.NVIC_Init), (112 bytes).
    Removing misc.o(i.NVIC_PriorityGroupConfig), (20 bytes).
    Removing misc.o(i.NVIC_SetVectorTable), (20 bytes).
    Removing misc.o(i.NVIC_SystemLPConfig), (32 bytes).
    Removing misc.o(i.SysTick_CLKSourceConfig), (40 bytes).
    Removing stm32f10x_adc.o(i.ADC_AnalogWatchdogCmd), (20 bytes).
    Removing stm32f10x_adc.o(i.ADC_AnalogWatchdogSingleChannelConfig), (16 bytes).
    Removing stm32f10x_adc.o(i.ADC_AnalogWatchdogThresholdsConfig), (6 bytes).
    Removing stm32f10x_adc.o(i.ADC_AutoInjectedConvCmd), (22 bytes).
    Removing stm32f10x_adc.o(i.ADC_ClearFlag), (6 bytes).
    Removing stm32f10x_adc.o(i.ADC_ClearITPendingBit), (10 bytes).
    Removing stm32f10x_adc.o(i.ADC_Cmd), (22 bytes).
    Removing stm32f10x_adc.o(i.ADC_DMACmd), (22 bytes).
    Removing stm32f10x_adc.o(i.ADC_DeInit), (92 bytes).
    Removing stm32f10x_adc.o(i.ADC_DiscModeChannelCountConfig), (24 bytes).
    Removing stm32f10x_adc.o(i.ADC_DiscModeCmd), (22 bytes).
    Removing stm32f10x_adc.o(i.ADC_ExternalTrigConvCmd), (22 bytes).
    Removing stm32f10x_adc.o(i.ADC_ExternalTrigInjectedConvCmd), (22 bytes).
    Removing stm32f10x_adc.o(i.ADC_ExternalTrigInjectedConvConfig), (16 bytes).
    Removing stm32f10x_adc.o(i.ADC_GetCalibrationStatus), (20 bytes).
    Removing stm32f10x_adc.o(i.ADC_GetConversionValue), (8 bytes).
    Removing stm32f10x_adc.o(i.ADC_GetDualModeConversionValue), (12 bytes).
    Removing stm32f10x_adc.o(i.ADC_GetFlagStatus), (18 bytes).
    Removing stm32f10x_adc.o(i.ADC_GetITStatus), (36 bytes).
    Removing stm32f10x_adc.o(i.ADC_GetInjectedConversionValue), (28 bytes).
    Removing stm32f10x_adc.o(i.ADC_GetResetCalibrationStatus), (20 bytes).
    Removing stm32f10x_adc.o(i.ADC_GetSoftwareStartConvStatus), (20 bytes).
    Removing stm32f10x_adc.o(i.ADC_GetSoftwareStartInjectedConvCmdStatus), (20 bytes).
    Removing stm32f10x_adc.o(i.ADC_ITConfig), (24 bytes).
    Removing stm32f10x_adc.o(i.ADC_Init), (80 bytes).
    Removing stm32f10x_adc.o(i.ADC_InjectedChannelConfig), (130 bytes).
    Removing stm32f10x_adc.o(i.ADC_InjectedDiscModeCmd), (22 bytes).
    Removing stm32f10x_adc.o(i.ADC_InjectedSequencerLengthConfig), (24 bytes).
    Removing stm32f10x_adc.o(i.ADC_RegularChannelConfig), (184 bytes).
    Removing stm32f10x_adc.o(i.ADC_ResetCalibration), (10 bytes).
    Removing stm32f10x_adc.o(i.ADC_SetInjectedOffset), (20 bytes).
    Removing stm32f10x_adc.o(i.ADC_SoftwareStartConvCmd), (22 bytes).
    Removing stm32f10x_adc.o(i.ADC_SoftwareStartInjectedConvCmd), (22 bytes).
    Removing stm32f10x_adc.o(i.ADC_StartCalibration), (10 bytes).
    Removing stm32f10x_adc.o(i.ADC_StructInit), (18 bytes).
    Removing stm32f10x_adc.o(i.ADC_TempSensorVrefintCmd), (36 bytes).
    Removing stm32f10x_bkp.o(i.BKP_ClearFlag), (20 bytes).
    Removing stm32f10x_bkp.o(i.BKP_ClearITPendingBit), (20 bytes).
    Removing stm32f10x_bkp.o(i.BKP_DeInit), (16 bytes).
    Removing stm32f10x_bkp.o(i.BKP_GetFlagStatus), (12 bytes).
    Removing stm32f10x_bkp.o(i.BKP_GetITStatus), (12 bytes).
    Removing stm32f10x_bkp.o(i.BKP_ITConfig), (12 bytes).
    Removing stm32f10x_bkp.o(i.BKP_RTCOutputConfig), (28 bytes).
    Removing stm32f10x_bkp.o(i.BKP_ReadBackupRegister), (28 bytes).
    Removing stm32f10x_bkp.o(i.BKP_SetRTCCalibrationValue), (28 bytes).
    Removing stm32f10x_bkp.o(i.BKP_TamperPinCmd), (12 bytes).
    Removing stm32f10x_bkp.o(i.BKP_TamperPinLevelConfig), (12 bytes).
    Removing stm32f10x_bkp.o(i.BKP_WriteBackupRegister), (28 bytes).
    Removing stm32f10x_can.o(i.CAN_CancelTransmit), (48 bytes).
    Removing stm32f10x_can.o(i.CAN_ClearFlag), (56 bytes).
    Removing stm32f10x_can.o(i.CAN_ClearITPendingBit), (168 bytes).
    Removing stm32f10x_can.o(i.CAN_DBGFreeze), (22 bytes).
    Removing stm32f10x_can.o(i.CAN_DeInit), (56 bytes).
    Removing stm32f10x_can.o(i.CAN_FIFORelease), (22 bytes).
    Removing stm32f10x_can.o(i.CAN_FilterInit), (264 bytes).
    Removing stm32f10x_can.o(i.CAN_GetFlagStatus), (120 bytes).
    Removing stm32f10x_can.o(i.CAN_GetITStatus), (288 bytes).
    Removing stm32f10x_can.o(i.CAN_GetLSBTransmitErrorCounter), (12 bytes).
    Removing stm32f10x_can.o(i.CAN_GetLastErrorCode), (12 bytes).
    Removing stm32f10x_can.o(i.CAN_GetReceiveErrorCounter), (10 bytes).
    Removing stm32f10x_can.o(i.CAN_ITConfig), (18 bytes).
    Removing stm32f10x_can.o(i.CAN_Init), (276 bytes).
    Removing stm32f10x_can.o(i.CAN_MessagePending), (30 bytes).
    Removing stm32f10x_can.o(i.CAN_OperatingModeRequest), (162 bytes).
    Removing stm32f10x_can.o(i.CAN_Receive), (240 bytes).
    Removing stm32f10x_can.o(i.CAN_SlaveStartBank), (52 bytes).
    Removing stm32f10x_can.o(i.CAN_Sleep), (30 bytes).
    Removing stm32f10x_can.o(i.CAN_StructInit), (32 bytes).
    Removing stm32f10x_can.o(i.CAN_TTComModeCmd), (118 bytes).
    Removing stm32f10x_can.o(i.CAN_Transmit), (294 bytes).
    Removing stm32f10x_can.o(i.CAN_TransmitStatus), (160 bytes).
    Removing stm32f10x_can.o(i.CAN_WakeUp), (48 bytes).
    Removing stm32f10x_can.o(i.CheckITStatus), (18 bytes).
    Removing stm32f10x_cec.o(i.CEC_ClearFlag), (36 bytes).
    Removing stm32f10x_cec.o(i.CEC_ClearITPendingBit), (36 bytes).
    Removing stm32f10x_cec.o(i.CEC_Cmd), (32 bytes).
    Removing stm32f10x_cec.o(i.CEC_DeInit), (22 bytes).
    Removing stm32f10x_cec.o(i.CEC_EndOfMessageCmd), (12 bytes).
    Removing stm32f10x_cec.o(i.CEC_GetFlagStatus), (48 bytes).
    Removing stm32f10x_cec.o(i.CEC_GetITStatus), (40 bytes).
    Removing stm32f10x_cec.o(i.CEC_ITConfig), (12 bytes).
    Removing stm32f10x_cec.o(i.CEC_Init), (32 bytes).
    Removing stm32f10x_cec.o(i.CEC_OwnAddressConfig), (12 bytes).
    Removing stm32f10x_cec.o(i.CEC_ReceiveDataByte), (12 bytes).
    Removing stm32f10x_cec.o(i.CEC_SendDataByte), (12 bytes).
    Removing stm32f10x_cec.o(i.CEC_SetPrescaler), (12 bytes).
    Removing stm32f10x_cec.o(i.CEC_StartOfMessage), (12 bytes).
    Removing stm32f10x_crc.o(i.CRC_CalcBlockCRC), (36 bytes).
    Removing stm32f10x_crc.o(i.CRC_CalcCRC), (16 bytes).
    Removing stm32f10x_crc.o(i.CRC_GetCRC), (12 bytes).
    Removing stm32f10x_crc.o(i.CRC_GetIDRegister), (12 bytes).
    Removing stm32f10x_crc.o(i.CRC_ResetDR), (12 bytes).
    Removing stm32f10x_crc.o(i.CRC_SetIDRegister), (12 bytes).
    Removing stm32f10x_dac.o(i.DAC_Cmd), (40 bytes).
    Removing stm32f10x_dac.o(i.DAC_DMACmd), (44 bytes).
    Removing stm32f10x_dac.o(i.DAC_DeInit), (22 bytes).
    Removing stm32f10x_dac.o(i.DAC_DualSoftwareTriggerCmd), (36 bytes).
    Removing stm32f10x_dac.o(i.DAC_GetDataOutputValue), (36 bytes).
    Removing stm32f10x_dac.o(i.DAC_Init), (52 bytes).
    Removing stm32f10x_dac.o(i.DAC_SetChannel1Data), (32 bytes).
    Removing stm32f10x_dac.o(i.DAC_SetChannel2Data), (32 bytes).
    Removing stm32f10x_dac.o(i.DAC_SetDualChannelData), (36 bytes).
    Removing stm32f10x_dac.o(i.DAC_SoftwareTriggerCmd), (44 bytes).
    Removing stm32f10x_dac.o(i.DAC_StructInit), (12 bytes).
    Removing stm32f10x_dac.o(i.DAC_WaveGenerationCmd), (40 bytes).
    Removing stm32f10x_dbgmcu.o(i.DBGMCU_Config), (32 bytes).
    Removing stm32f10x_dbgmcu.o(i.DBGMCU_GetDEVID), (16 bytes).
    Removing stm32f10x_dbgmcu.o(i.DBGMCU_GetREVID), (12 bytes).
    Removing stm32f10x_dma.o(i.DMA_ClearFlag), (28 bytes).
    Removing stm32f10x_dma.o(i.DMA_ClearITPendingBit), (28 bytes).
    Removing stm32f10x_dma.o(i.DMA_Cmd), (24 bytes).
    Removing stm32f10x_dma.o(i.DMA_DeInit), (332 bytes).
    Removing stm32f10x_dma.o(i.DMA_GetCurrDataCounter), (8 bytes).
    Removing stm32f10x_dma.o(i.DMA_GetFlagStatus), (44 bytes).
    Removing stm32f10x_dma.o(i.DMA_GetITStatus), (44 bytes).
    Removing stm32f10x_dma.o(i.DMA_ITConfig), (18 bytes).
    Removing stm32f10x_dma.o(i.DMA_Init), (60 bytes).
    Removing stm32f10x_dma.o(i.DMA_SetCurrDataCounter), (4 bytes).
    Removing stm32f10x_dma.o(i.DMA_StructInit), (26 bytes).
    Removing stm32f10x_exti.o(i.EXTI_ClearFlag), (12 bytes).
    Removing stm32f10x_exti.o(i.EXTI_DeInit), (36 bytes).
    Removing stm32f10x_exti.o(i.EXTI_GenerateSWInterrupt), (16 bytes).
    Removing stm32f10x_exti.o(i.EXTI_GetFlagStatus), (24 bytes).
    Removing stm32f10x_exti.o(i.EXTI_Init), (148 bytes).
    Removing stm32f10x_exti.o(i.EXTI_StructInit), (16 bytes).
    Removing stm32f10x_flash.o(i.FLASH_ClearFlag), (12 bytes).
    Removing stm32f10x_flash.o(i.FLASH_EnableWriteProtection), (196 bytes).
    Removing stm32f10x_flash.o(i.FLASH_EraseAllBank1Pages), (72 bytes).
    Removing stm32f10x_flash.o(i.FLASH_EraseAllPages), (72 bytes).
    Removing stm32f10x_flash.o(i.FLASH_EraseOptionBytes), (168 bytes).
    Removing stm32f10x_flash.o(i.FLASH_ErasePage), (76 bytes).
    Removing stm32f10x_flash.o(i.FLASH_GetBank1Status), (52 bytes).
    Removing stm32f10x_flash.o(i.FLASH_GetFlagStatus), (48 bytes).
    Removing stm32f10x_flash.o(i.FLASH_GetPrefetchBufferStatus), (24 bytes).
    Removing stm32f10x_flash.o(i.FLASH_GetReadOutProtectionStatus), (24 bytes).
    Removing stm32f10x_flash.o(i.FLASH_GetStatus), (52 bytes).
    Removing stm32f10x_flash.o(i.FLASH_GetUserOptionByte), (12 bytes).
    Removing stm32f10x_flash.o(i.FLASH_GetWriteProtectionOptionByte), (12 bytes).
    Removing stm32f10x_flash.o(i.FLASH_HalfCycleAccessCmd), (28 bytes).
    Removing stm32f10x_flash.o(i.FLASH_ITConfig), (32 bytes).
    Removing stm32f10x_flash.o(i.FLASH_Lock), (20 bytes).
    Removing stm32f10x_flash.o(i.FLASH_LockBank1), (20 bytes).
    Removing stm32f10x_flash.o(i.FLASH_PrefetchBufferCmd), (28 bytes).
    Removing stm32f10x_flash.o(i.FLASH_ProgramHalfWord), (64 bytes).
    Removing stm32f10x_flash.o(i.FLASH_ProgramOptionByteData), (84 bytes).
    Removing stm32f10x_flash.o(i.FLASH_ProgramWord), (108 bytes).
    Removing stm32f10x_flash.o(i.FLASH_ReadOutProtection), (172 bytes).
    Removing stm32f10x_flash.o(i.FLASH_SetLatency), (24 bytes).
    Removing stm32f10x_flash.o(i.FLASH_Unlock), (24 bytes).
    Removing stm32f10x_flash.o(i.FLASH_UnlockBank1), (24 bytes).
    Removing stm32f10x_flash.o(i.FLASH_UserOptionByteConfig), (104 bytes).
    Removing stm32f10x_flash.o(i.FLASH_WaitForLastBank1Operation), (38 bytes).
    Removing stm32f10x_flash.o(i.FLASH_WaitForLastOperation), (38 bytes).
    Removing stm32f10x_fsmc.o(i.FSMC_ClearFlag), (64 bytes).
    Removing stm32f10x_fsmc.o(i.FSMC_ClearITPendingBit), (72 bytes).
    Removing stm32f10x_fsmc.o(i.FSMC_GetECC), (28 bytes).
    Removing stm32f10x_fsmc.o(i.FSMC_GetFlagStatus), (56 bytes).
    Removing stm32f10x_fsmc.o(i.FSMC_GetITStatus), (68 bytes).
    Removing stm32f10x_fsmc.o(i.FSMC_ITConfig), (128 bytes).
    Removing stm32f10x_fsmc.o(i.FSMC_NANDCmd), (92 bytes).
    Removing stm32f10x_fsmc.o(i.FSMC_NANDDeInit), (68 bytes).
    Removing stm32f10x_fsmc.o(i.FSMC_NANDECCCmd), (92 bytes).
    Removing stm32f10x_fsmc.o(i.FSMC_NANDInit), (136 bytes).
    Removing stm32f10x_fsmc.o(i.FSMC_NANDStructInit), (54 bytes).
    Removing stm32f10x_fsmc.o(i.FSMC_NORSRAMCmd), (52 bytes).
    Removing stm32f10x_fsmc.o(i.FSMC_NORSRAMDeInit), (54 bytes).
    Removing stm32f10x_fsmc.o(i.FSMC_NORSRAMInit), (230 bytes).
    Removing stm32f10x_fsmc.o(i.FSMC_NORSRAMStructInit), (114 bytes).
    Removing stm32f10x_fsmc.o(i.FSMC_PCCARDCmd), (48 bytes).
    Removing stm32f10x_fsmc.o(i.FSMC_PCCARDDeInit), (40 bytes).
    Removing stm32f10x_fsmc.o(i.FSMC_PCCARDInit), (132 bytes).
    Removing stm32f10x_fsmc.o(i.FSMC_PCCARDStructInit), (60 bytes).
    Removing stm32f10x_gpio.o(i.GPIO_AFIODeInit), (20 bytes).
    Removing stm32f10x_gpio.o(i.GPIO_DeInit), (200 bytes).
    Removing stm32f10x_gpio.o(i.GPIO_ETH_MediaInterfaceConfig), (12 bytes).
    Removing stm32f10x_gpio.o(i.GPIO_EXTILineConfig), (64 bytes).
    Removing stm32f10x_gpio.o(i.GPIO_EventOutputCmd), (12 bytes).
    Removing stm32f10x_gpio.o(i.GPIO_EventOutputConfig), (32 bytes).
    Removing stm32f10x_gpio.o(i.GPIO_PinLockConfig), (18 bytes).
    Removing stm32f10x_gpio.o(i.GPIO_PinRemapConfig), (144 bytes).
    Removing stm32f10x_gpio.o(i.GPIO_ReadInputData), (8 bytes).
    Removing stm32f10x_gpio.o(i.GPIO_ReadInputDataBit), (18 bytes).
    Removing stm32f10x_gpio.o(i.GPIO_ReadOutputData), (8 bytes).
    Removing stm32f10x_gpio.o(i.GPIO_ReadOutputDataBit), (18 bytes).
    Removing stm32f10x_gpio.o(i.GPIO_StructInit), (16 bytes).
    Removing stm32f10x_gpio.o(i.GPIO_Write), (4 bytes).
    Removing stm32f10x_gpio.o(i.GPIO_WriteBit), (10 bytes).
    Removing stm32f10x_i2c.o(i.I2C_ARPCmd), (24 bytes).
    Removing stm32f10x_i2c.o(i.I2C_AcknowledgeConfig), (24 bytes).
    Removing stm32f10x_i2c.o(i.I2C_CalculatePEC), (24 bytes).
    Removing stm32f10x_i2c.o(i.I2C_CheckEvent), (42 bytes).
    Removing stm32f10x_i2c.o(i.I2C_ClearFlag), (12 bytes).
    Removing stm32f10x_i2c.o(i.I2C_ClearITPendingBit), (12 bytes).
    Removing stm32f10x_i2c.o(i.I2C_Cmd), (24 bytes).
    Removing stm32f10x_i2c.o(i.I2C_DMACmd), (24 bytes).
    Removing stm32f10x_i2c.o(i.I2C_DMALastTransferCmd), (24 bytes).
    Removing stm32f10x_i2c.o(i.I2C_DeInit), (56 bytes).
    Removing stm32f10x_i2c.o(i.I2C_DualAddressCmd), (24 bytes).
    Removing stm32f10x_i2c.o(i.I2C_FastModeDutyCycleConfig), (28 bytes).
    Removing stm32f10x_i2c.o(i.I2C_GeneralCallCmd), (24 bytes).
    Removing stm32f10x_i2c.o(i.I2C_GenerateSTART), (24 bytes).
    Removing stm32f10x_i2c.o(i.I2C_GenerateSTOP), (24 bytes).
    Removing stm32f10x_i2c.o(i.I2C_GetFlagStatus), (58 bytes).
    Removing stm32f10x_i2c.o(i.I2C_GetITStatus), (38 bytes).
    Removing stm32f10x_i2c.o(i.I2C_GetLastEvent), (26 bytes).
    Removing stm32f10x_i2c.o(i.I2C_GetPEC), (8 bytes).
    Removing stm32f10x_i2c.o(i.I2C_ITConfig), (18 bytes).
    Removing stm32f10x_i2c.o(i.I2C_Init), (236 bytes).
    Removing stm32f10x_i2c.o(i.I2C_NACKPositionConfig), (28 bytes).
    Removing stm32f10x_i2c.o(i.I2C_OwnAddress2Config), (22 bytes).
    Removing stm32f10x_i2c.o(i.I2C_PECPositionConfig), (28 bytes).
    Removing stm32f10x_i2c.o(i.I2C_ReadRegister), (22 bytes).
    Removing stm32f10x_i2c.o(i.I2C_ReceiveData), (8 bytes).
    Removing stm32f10x_i2c.o(i.I2C_SMBusAlertConfig), (28 bytes).
    Removing stm32f10x_i2c.o(i.I2C_Send7bitAddress), (18 bytes).
    Removing stm32f10x_i2c.o(i.I2C_SendData), (4 bytes).
    Removing stm32f10x_i2c.o(i.I2C_SoftwareResetCmd), (22 bytes).
    Removing stm32f10x_i2c.o(i.I2C_StretchClockCmd), (24 bytes).
    Removing stm32f10x_i2c.o(i.I2C_StructInit), (30 bytes).
    Removing stm32f10x_i2c.o(i.I2C_TransmitPEC), (24 bytes).
    Removing stm32f10x_iwdg.o(i.IWDG_Enable), (16 bytes).
    Removing stm32f10x_iwdg.o(i.IWDG_GetFlagStatus), (24 bytes).
    Removing stm32f10x_iwdg.o(i.IWDG_ReloadCounter), (16 bytes).
    Removing stm32f10x_iwdg.o(i.IWDG_SetPrescaler), (12 bytes).
    Removing stm32f10x_iwdg.o(i.IWDG_SetReload), (12 bytes).
    Removing stm32f10x_iwdg.o(i.IWDG_WriteAccessCmd), (12 bytes).
    Removing stm32f10x_pwr.o(i.PWR_BackupAccessCmd), (12 bytes).
    Removing stm32f10x_pwr.o(i.PWR_ClearFlag), (20 bytes).
    Removing stm32f10x_pwr.o(i.PWR_DeInit), (22 bytes).
    Removing stm32f10x_pwr.o(i.PWR_EnterSTANDBYMode), (52 bytes).
    Removing stm32f10x_pwr.o(i.PWR_EnterSTOPMode), (64 bytes).
    Removing stm32f10x_pwr.o(i.PWR_GetFlagStatus), (24 bytes).
    Removing stm32f10x_pwr.o(i.PWR_PVDCmd), (12 bytes).
    Removing stm32f10x_pwr.o(i.PWR_PVDLevelConfig), (24 bytes).
    Removing stm32f10x_pwr.o(i.PWR_WakeUpPinCmd), (12 bytes).
    Removing stm32f10x_rcc.o(i.RCC_ADCCLKConfig), (24 bytes).
    Removing stm32f10x_rcc.o(i.RCC_AHBPeriphClockCmd), (32 bytes).
    Removing stm32f10x_rcc.o(i.RCC_APB1PeriphClockCmd), (32 bytes).
    Removing stm32f10x_rcc.o(i.RCC_APB1PeriphResetCmd), (32 bytes).
    Removing stm32f10x_rcc.o(i.RCC_APB2PeriphResetCmd), (32 bytes).
    Removing stm32f10x_rcc.o(i.RCC_AdjustHSICalibrationValue), (24 bytes).
    Removing stm32f10x_rcc.o(i.RCC_BackupResetCmd), (12 bytes).
    Removing stm32f10x_rcc.o(i.RCC_ClearFlag), (20 bytes).
    Removing stm32f10x_rcc.o(i.RCC_ClearITPendingBit), (12 bytes).
    Removing stm32f10x_rcc.o(i.RCC_ClockSecuritySystemCmd), (12 bytes).
    Removing stm32f10x_rcc.o(i.RCC_DeInit), (76 bytes).
    Removing stm32f10x_rcc.o(i.RCC_GetClocksFreq), (212 bytes).
    Removing stm32f10x_rcc.o(i.RCC_GetFlagStatus), (60 bytes).
    Removing stm32f10x_rcc.o(i.RCC_GetITStatus), (24 bytes).
    Removing stm32f10x_rcc.o(i.RCC_GetSYSCLKSource), (16 bytes).
    Removing stm32f10x_rcc.o(i.RCC_HCLKConfig), (24 bytes).
    Removing stm32f10x_rcc.o(i.RCC_HSEConfig), (76 bytes).
    Removing stm32f10x_rcc.o(i.RCC_HSICmd), (12 bytes).
    Removing stm32f10x_rcc.o(i.RCC_ITConfig), (32 bytes).
    Removing stm32f10x_rcc.o(i.RCC_LSEConfig), (52 bytes).
    Removing stm32f10x_rcc.o(i.RCC_LSICmd), (12 bytes).
    Removing stm32f10x_rcc.o(i.RCC_MCOConfig), (12 bytes).
    Removing stm32f10x_rcc.o(i.RCC_PCLK1Config), (24 bytes).
    Removing stm32f10x_rcc.o(i.RCC_PLLCmd), (12 bytes).
    Removing stm32f10x_rcc.o(i.RCC_PLLConfig), (28 bytes).
    Removing stm32f10x_rcc.o(i.RCC_RTCCLKCmd), (12 bytes).
    Removing stm32f10x_rcc.o(i.RCC_RTCCLKConfig), (16 bytes).
    Removing stm32f10x_rcc.o(i.RCC_SYSCLKConfig), (24 bytes).
    Removing stm32f10x_rcc.o(i.RCC_USBCLKConfig), (12 bytes).
    Removing stm32f10x_rcc.o(i.RCC_WaitForHSEStartUp), (56 bytes).
    Removing stm32f10x_rcc.o(.data), (20 bytes).
    Removing stm32f10x_rtc.o(i.RTC_ClearFlag), (16 bytes).
    Removing stm32f10x_rtc.o(i.RTC_ClearITPendingBit), (16 bytes).
    Removing stm32f10x_rtc.o(i.RTC_EnterConfigMode), (20 bytes).
    Removing stm32f10x_rtc.o(i.RTC_ExitConfigMode), (20 bytes).
    Removing stm32f10x_rtc.o(i.RTC_GetCounter), (20 bytes).
    Removing stm32f10x_rtc.o(i.RTC_GetDivider), (24 bytes).
    Removing stm32f10x_rtc.o(i.RTC_GetFlagStatus), (24 bytes).
    Removing stm32f10x_rtc.o(i.RTC_GetITStatus), (36 bytes).
    Removing stm32f10x_rtc.o(i.RTC_ITConfig), (32 bytes).
    Removing stm32f10x_rtc.o(i.RTC_SetAlarm), (28 bytes).
    Removing stm32f10x_rtc.o(i.RTC_SetCounter), (28 bytes).
    Removing stm32f10x_rtc.o(i.RTC_SetPrescaler), (32 bytes).
    Removing stm32f10x_rtc.o(i.RTC_WaitForLastTask), (20 bytes).
    Removing stm32f10x_rtc.o(i.RTC_WaitForSynchro), (36 bytes).
    Removing stm32f10x_sdio.o(i.SDIO_CEATAITCmd), (16 bytes).
    Removing stm32f10x_sdio.o(i.SDIO_ClearFlag), (12 bytes).
    Removing stm32f10x_sdio.o(i.SDIO_ClearITPendingBit), (12 bytes).
    Removing stm32f10x_sdio.o(i.SDIO_ClockCmd), (12 bytes).
    Removing stm32f10x_sdio.o(i.SDIO_CmdStructInit), (14 bytes).
    Removing stm32f10x_sdio.o(i.SDIO_CommandCompletionCmd), (12 bytes).
    Removing stm32f10x_sdio.o(i.SDIO_DMACmd), (12 bytes).
    Removing stm32f10x_sdio.o(i.SDIO_DataConfig), (48 bytes).
    Removing stm32f10x_sdio.o(i.SDIO_DataStructInit), (20 bytes).
    Removing stm32f10x_sdio.o(i.SDIO_DeInit), (36 bytes).
    Removing stm32f10x_sdio.o(i.SDIO_GetCommandResponse), (12 bytes).
    Removing stm32f10x_sdio.o(i.SDIO_GetDataCounter), (12 bytes).
    Removing stm32f10x_sdio.o(i.SDIO_GetFIFOCount), (12 bytes).
    Removing stm32f10x_sdio.o(i.SDIO_GetFlagStatus), (24 bytes).
    Removing stm32f10x_sdio.o(i.SDIO_GetITStatus), (24 bytes).
    Removing stm32f10x_sdio.o(i.SDIO_GetPowerState), (16 bytes).
    Removing stm32f10x_sdio.o(i.SDIO_GetResponse), (24 bytes).
    Removing stm32f10x_sdio.o(i.SDIO_ITConfig), (32 bytes).
    Removing stm32f10x_sdio.o(i.SDIO_Init), (48 bytes).
    Removing stm32f10x_sdio.o(i.SDIO_ReadData), (12 bytes).
    Removing stm32f10x_sdio.o(i.SDIO_SendCEATACmd), (12 bytes).
    Removing stm32f10x_sdio.o(i.SDIO_SendCommand), (44 bytes).
    Removing stm32f10x_sdio.o(i.SDIO_SendSDIOSuspendCmd), (12 bytes).
    Removing stm32f10x_sdio.o(i.SDIO_SetPowerState), (28 bytes).
    Removing stm32f10x_sdio.o(i.SDIO_SetSDIOOperation), (12 bytes).
    Removing stm32f10x_sdio.o(i.SDIO_SetSDIOReadWaitMode), (12 bytes).
    Removing stm32f10x_sdio.o(i.SDIO_StartSDIOReadWait), (12 bytes).
    Removing stm32f10x_sdio.o(i.SDIO_StopSDIOReadWait), (12 bytes).
    Removing stm32f10x_sdio.o(i.SDIO_StructInit), (16 bytes).
    Removing stm32f10x_sdio.o(i.SDIO_WriteData), (12 bytes).
    Removing stm32f10x_spi.o(i.I2S_Cmd), (24 bytes).
    Removing stm32f10x_spi.o(i.I2S_Init), (232 bytes).
    Removing stm32f10x_spi.o(i.I2S_StructInit), (20 bytes).
    Removing stm32f10x_spi.o(i.SPI_BiDirectionalLineConfig), (28 bytes).
    Removing stm32f10x_spi.o(i.SPI_CalculateCRC), (24 bytes).
    Removing stm32f10x_spi.o(i.SPI_DataSizeConfig), (18 bytes).
    Removing stm32f10x_spi.o(i.SPI_GetCRC), (16 bytes).
    Removing stm32f10x_spi.o(i.SPI_GetCRCPolynomial), (6 bytes).
    Removing stm32f10x_spi.o(i.SPI_I2S_ClearFlag), (6 bytes).
    Removing stm32f10x_spi.o(i.SPI_I2S_ClearITPendingBit), (20 bytes).
    Removing stm32f10x_spi.o(i.SPI_I2S_DMACmd), (18 bytes).
    Removing stm32f10x_spi.o(i.SPI_I2S_DeInit), (88 bytes).
    Removing stm32f10x_spi.o(i.SPI_I2S_GetITStatus), (52 bytes).
    Removing stm32f10x_spi.o(i.SPI_I2S_ITConfig), (32 bytes).
    Removing stm32f10x_spi.o(i.SPI_SSOutputCmd), (24 bytes).
    Removing stm32f10x_spi.o(i.SPI_StructInit), (24 bytes).
    Removing stm32f10x_spi.o(i.SPI_TransmitCRC), (10 bytes).
    Removing stm32f10x_tim.o(i.TI1_Config), (128 bytes).
    Removing stm32f10x_tim.o(i.TI2_Config), (152 bytes).
    Removing stm32f10x_tim.o(i.TI3_Config), (144 bytes).
    Removing stm32f10x_tim.o(i.TI4_Config), (152 bytes).
    Removing stm32f10x_tim.o(i.TIM_ARRPreloadConfig), (24 bytes).
    Removing stm32f10x_tim.o(i.TIM_BDTRConfig), (32 bytes).
    Removing stm32f10x_tim.o(i.TIM_BDTRStructInit), (18 bytes).
    Removing stm32f10x_tim.o(i.TIM_CCPreloadControl), (24 bytes).
    Removing stm32f10x_tim.o(i.TIM_CCxCmd), (30 bytes).
    Removing stm32f10x_tim.o(i.TIM_CCxNCmd), (30 bytes).
    Removing stm32f10x_tim.o(i.TIM_ClearFlag), (6 bytes).
    Removing stm32f10x_tim.o(i.TIM_ClearITPendingBit), (6 bytes).
    Removing stm32f10x_tim.o(i.TIM_ClearOC1Ref), (18 bytes).
    Removing stm32f10x_tim.o(i.TIM_ClearOC2Ref), (24 bytes).
    Removing stm32f10x_tim.o(i.TIM_ClearOC3Ref), (18 bytes).
    Removing stm32f10x_tim.o(i.TIM_ClearOC4Ref), (24 bytes).
    Removing stm32f10x_tim.o(i.TIM_Cmd), (24 bytes).
    Removing stm32f10x_tim.o(i.TIM_CounterModeConfig), (18 bytes).
    Removing stm32f10x_tim.o(i.TIM_CtrlPWMOutputs), (30 bytes).
    Removing stm32f10x_tim.o(i.TIM_DMACmd), (18 bytes).
    Removing stm32f10x_tim.o(i.TIM_DMAConfig), (10 bytes).
    Removing stm32f10x_tim.o(i.TIM_DeInit), (488 bytes).
    Removing stm32f10x_tim.o(i.TIM_ETRClockMode1Config), (54 bytes).
    Removing stm32f10x_tim.o(i.TIM_ETRClockMode2Config), (32 bytes).
    Removing stm32f10x_tim.o(i.TIM_ETRConfig), (28 bytes).
    Removing stm32f10x_tim.o(i.TIM_EncoderInterfaceConfig), (66 bytes).
    Removing stm32f10x_tim.o(i.TIM_ForcedOC1Config), (18 bytes).
    Removing stm32f10x_tim.o(i.TIM_ForcedOC2Config), (26 bytes).
    Removing stm32f10x_tim.o(i.TIM_ForcedOC3Config), (18 bytes).
    Removing stm32f10x_tim.o(i.TIM_ForcedOC4Config), (26 bytes).
    Removing stm32f10x_tim.o(i.TIM_GenerateEvent), (4 bytes).
    Removing stm32f10x_tim.o(i.TIM_GetCapture1), (6 bytes).
    Removing stm32f10x_tim.o(i.TIM_GetCapture2), (6 bytes).
    Removing stm32f10x_tim.o(i.TIM_GetCapture3), (6 bytes).
    Removing stm32f10x_tim.o(i.TIM_GetCapture4), (8 bytes).
    Removing stm32f10x_tim.o(i.TIM_GetCounter), (6 bytes).
    Removing stm32f10x_tim.o(i.TIM_GetFlagStatus), (18 bytes).
    Removing stm32f10x_tim.o(i.TIM_GetITStatus), (34 bytes).
    Removing stm32f10x_tim.o(i.TIM_GetPrescaler), (6 bytes).
    Removing stm32f10x_tim.o(i.TIM_ICInit), (172 bytes).
    Removing stm32f10x_tim.o(i.TIM_ICStructInit), (18 bytes).
    Removing stm32f10x_tim.o(i.TIM_ITConfig), (18 bytes).
    Removing stm32f10x_tim.o(i.TIM_ITRxExternalClockConfig), (24 bytes).
    Removing stm32f10x_tim.o(i.TIM_InternalClockConfig), (12 bytes).
    Removing stm32f10x_tim.o(i.TIM_OC1FastConfig), (18 bytes).
    Removing stm32f10x_tim.o(i.TIM_OC1Init), (152 bytes).
    Removing stm32f10x_tim.o(i.TIM_OC1NPolarityConfig), (18 bytes).
    Removing stm32f10x_tim.o(i.TIM_OC1PolarityConfig), (18 bytes).
    Removing stm32f10x_tim.o(i.TIM_OC1PreloadConfig), (18 bytes).
    Removing stm32f10x_tim.o(i.TIM_OC2FastConfig), (26 bytes).
    Removing stm32f10x_tim.o(i.TIM_OC2Init), (164 bytes).
    Removing stm32f10x_tim.o(i.TIM_OC2NPolarityConfig), (26 bytes).
    Removing stm32f10x_tim.o(i.TIM_OC2PolarityConfig), (26 bytes).
    Removing stm32f10x_tim.o(i.TIM_OC2PreloadConfig), (26 bytes).
    Removing stm32f10x_tim.o(i.TIM_OC3FastConfig), (18 bytes).
    Removing stm32f10x_tim.o(i.TIM_OC3Init), (160 bytes).
    Removing stm32f10x_tim.o(i.TIM_OC3NPolarityConfig), (26 bytes).
    Removing stm32f10x_tim.o(i.TIM_OC3PolarityConfig), (26 bytes).
    Removing stm32f10x_tim.o(i.TIM_OC3PreloadConfig), (18 bytes).
    Removing stm32f10x_tim.o(i.TIM_OC4FastConfig), (26 bytes).
    Removing stm32f10x_tim.o(i.TIM_OC4Init), (124 bytes).
    Removing stm32f10x_tim.o(i.TIM_OC4PolarityConfig), (26 bytes).
    Removing stm32f10x_tim.o(i.TIM_OC4PreloadConfig), (26 bytes).
    Removing stm32f10x_tim.o(i.TIM_OCStructInit), (20 bytes).
    Removing stm32f10x_tim.o(i.TIM_PWMIConfig), (124 bytes).
    Removing stm32f10x_tim.o(i.TIM_PrescalerConfig), (6 bytes).
    Removing stm32f10x_tim.o(i.TIM_SelectCCDMA), (24 bytes).
    Removing stm32f10x_tim.o(i.TIM_SelectCOM), (24 bytes).
    Removing stm32f10x_tim.o(i.TIM_SelectHallSensor), (24 bytes).
    Removing stm32f10x_tim.o(i.TIM_SelectInputTrigger), (18 bytes).
    Removing stm32f10x_tim.o(i.TIM_SelectMasterSlaveMode), (18 bytes).
    Removing stm32f10x_tim.o(i.TIM_SelectOCxM), (82 bytes).
    Removing stm32f10x_tim.o(i.TIM_SelectOnePulseMode), (18 bytes).
    Removing stm32f10x_tim.o(i.TIM_SelectOutputTrigger), (18 bytes).
    Removing stm32f10x_tim.o(i.TIM_SelectSlaveMode), (18 bytes).
    Removing stm32f10x_tim.o(i.TIM_SetAutoreload), (4 bytes).
    Removing stm32f10x_tim.o(i.TIM_SetClockDivision), (18 bytes).
    Removing stm32f10x_tim.o(i.TIM_SetCompare1), (4 bytes).
    Removing stm32f10x_tim.o(i.TIM_SetCompare2), (4 bytes).
    Removing stm32f10x_tim.o(i.TIM_SetCompare3), (4 bytes).
    Removing stm32f10x_tim.o(i.TIM_SetCompare4), (6 bytes).
    Removing stm32f10x_tim.o(i.TIM_SetCounter), (4 bytes).
    Removing stm32f10x_tim.o(i.TIM_SetIC1Prescaler), (18 bytes).
    Removing stm32f10x_tim.o(i.TIM_SetIC2Prescaler), (26 bytes).
    Removing stm32f10x_tim.o(i.TIM_SetIC3Prescaler), (18 bytes).
    Removing stm32f10x_tim.o(i.TIM_SetIC4Prescaler), (26 bytes).
    Removing stm32f10x_tim.o(i.TIM_TIxExternalClockConfig), (62 bytes).
    Removing stm32f10x_tim.o(i.TIM_TimeBaseInit), (164 bytes).
    Removing stm32f10x_tim.o(i.TIM_TimeBaseStructInit), (18 bytes).
    Removing stm32f10x_tim.o(i.TIM_UpdateDisableConfig), (24 bytes).
    Removing stm32f10x_tim.o(i.TIM_UpdateRequestConfig), (24 bytes).
    Removing stm32f10x_usart.o(i.USART_ClearFlag), (18 bytes).
    Removing stm32f10x_usart.o(i.USART_ClearITPendingBit), (30 bytes).
    Removing stm32f10x_usart.o(i.USART_ClockInit), (34 bytes).
    Removing stm32f10x_usart.o(i.USART_ClockStructInit), (12 bytes).
    Removing stm32f10x_usart.o(i.USART_Cmd), (24 bytes).
    Removing stm32f10x_usart.o(i.USART_DMACmd), (18 bytes).
    Removing stm32f10x_usart.o(i.USART_DeInit), (156 bytes).
    Removing stm32f10x_usart.o(i.USART_GetFlagStatus), (26 bytes).
    Removing stm32f10x_usart.o(i.USART_GetITStatus), (84 bytes).
    Removing stm32f10x_usart.o(i.USART_HalfDuplexCmd), (24 bytes).
    Removing stm32f10x_usart.o(i.USART_ITConfig), (74 bytes).
    Removing stm32f10x_usart.o(i.USART_Init), (216 bytes).
    Removing stm32f10x_usart.o(i.USART_IrDACmd), (24 bytes).
    Removing stm32f10x_usart.o(i.USART_IrDAConfig), (18 bytes).
    Removing stm32f10x_usart.o(i.USART_LINBreakDetectLengthConfig), (18 bytes).
    Removing stm32f10x_usart.o(i.USART_LINCmd), (24 bytes).
    Removing stm32f10x_usart.o(i.USART_OneBitMethodCmd), (24 bytes).
    Removing stm32f10x_usart.o(i.USART_OverSampling8Cmd), (22 bytes).
    Removing stm32f10x_usart.o(i.USART_ReceiveData), (10 bytes).
    Removing stm32f10x_usart.o(i.USART_ReceiverWakeUpCmd), (24 bytes).
    Removing stm32f10x_usart.o(i.USART_SendBreak), (10 bytes).
    Removing stm32f10x_usart.o(i.USART_SendData), (8 bytes).
    Removing stm32f10x_usart.o(i.USART_SetAddress), (18 bytes).
    Removing stm32f10x_usart.o(i.USART_SetGuardTime), (16 bytes).
    Removing stm32f10x_usart.o(i.USART_SetPrescaler), (16 bytes).
    Removing stm32f10x_usart.o(i.USART_SmartCardCmd), (24 bytes).
    Removing stm32f10x_usart.o(i.USART_SmartCardNACKCmd), (24 bytes).
    Removing stm32f10x_usart.o(i.USART_StructInit), (24 bytes).
    Removing stm32f10x_usart.o(i.USART_WakeUpConfig), (18 bytes).
    Removing stm32f10x_wwdg.o(i.WWDG_ClearFlag), (12 bytes).
    Removing stm32f10x_wwdg.o(i.WWDG_DeInit), (22 bytes).
    Removing stm32f10x_wwdg.o(i.WWDG_Enable), (16 bytes).
    Removing stm32f10x_wwdg.o(i.WWDG_EnableIT), (12 bytes).
    Removing stm32f10x_wwdg.o(i.WWDG_GetFlagStatus), (12 bytes).
    Removing stm32f10x_wwdg.o(i.WWDG_SetCounter), (16 bytes).
    Removing stm32f10x_wwdg.o(i.WWDG_SetPrescaler), (24 bytes).
    Removing stm32f10x_wwdg.o(i.WWDG_SetWindowValue), (40 bytes).
    Removing core_cm3.o(.emb_text), (32 bytes).
    Removing system_stm32f10x.o(i.SystemCoreClockUpdate), (164 bytes).
    Removing startup_stm32f10x_md.o(HEAP), (512 bytes).
    Removing ffltui.o(.text), (10 bytes).
    Removing fepilogue.o(.text), (110 bytes).

521 unused section(s) (total 22862 bytes) removed from the image.

==============================================================================

Image Symbol Table

    Local Symbols

    Symbol Name                              Value     Ov Type        Size  Object(Section)

    ../clib/microlib/init/entry.s            0x00000000   Number         0  entry7b.o ABSOLUTE
    ../clib/microlib/init/entry.s            0x00000000   Number         0  entry10a.o ABSOLUTE
    ../clib/microlib/init/entry.s            0x00000000   Number         0  entry9b.o ABSOLUTE
    ../clib/microlib/init/entry.s            0x00000000   Number         0  entry8b.o ABSOLUTE
    ../clib/microlib/init/entry.s            0x00000000   Number         0  entry8a.o ABSOLUTE
    ../clib/microlib/init/entry.s            0x00000000   Number         0  entry5.o ABSOLUTE
    ../clib/microlib/init/entry.s            0x00000000   Number         0  entry7a.o ABSOLUTE
    ../clib/microlib/init/entry.s            0x00000000   Number         0  entry11b.o ABSOLUTE
    ../clib/microlib/init/entry.s            0x00000000   Number         0  entry11a.o ABSOLUTE
    ../clib/microlib/init/entry.s            0x00000000   Number         0  entry9a.o ABSOLUTE
    ../clib/microlib/init/entry.s            0x00000000   Number         0  entry10b.o ABSOLUTE
    ../clib/microlib/init/entry.s            0x00000000   Number         0  entry2.o ABSOLUTE
    ../clib/microlib/init/entry.s            0x00000000   Number         0  entry.o ABSOLUTE
    ../clib/microlib/stubs.s                 0x00000000   Number         0  iusefp.o ABSOLUTE
    ../fplib/microlib/fpepilogue.c           0x00000000   Number         0  fepilogue.o ABSOLUTE
    ../fplib/microlib/fpflt.c                0x00000000   Number         0  ffltui.o ABSOLUTE
    ..\..\Libraries\CMSIS\CM3\CoreSupport\core_cm3.c 0x00000000   Number         0  core_cm3.o ABSOLUTE
    ..\..\Libraries\CMSIS\CM3\DeviceSupport\ST\STM32F10x\startup\arm\startup_stm32f10x_md.s 0x00000000   Number         0  startup_stm32f10x_md.o ABSOLUTE
    ..\..\Libraries\CMSIS\CM3\DeviceSupport\ST\STM32F10x\system_stm32f10x.c 0x00000000   Number         0  system_stm32f10x.o ABSOLUTE
    ..\..\Libraries\STM32F10x_StdPeriph_Driver\src\misc.c 0x00000000   Number         0  misc.o ABSOLUTE
    ..\..\Libraries\STM32F10x_StdPeriph_Driver\src\stm32f10x_adc.c 0x00000000   Number         0  stm32f10x_adc.o ABSOLUTE
    ..\..\Libraries\STM32F10x_StdPeriph_Driver\src\stm32f10x_bkp.c 0x00000000   Number         0  stm32f10x_bkp.o ABSOLUTE
    ..\..\Libraries\STM32F10x_StdPeriph_Driver\src\stm32f10x_can.c 0x00000000   Number         0  stm32f10x_can.o ABSOLUTE
    ..\..\Libraries\STM32F10x_StdPeriph_Driver\src\stm32f10x_cec.c 0x00000000   Number         0  stm32f10x_cec.o ABSOLUTE
    ..\..\Libraries\STM32F10x_StdPeriph_Driver\src\stm32f10x_crc.c 0x00000000   Number         0  stm32f10x_crc.o ABSOLUTE
    ..\..\Libraries\STM32F10x_StdPeriph_Driver\src\stm32f10x_dac.c 0x00000000   Number         0  stm32f10x_dac.o ABSOLUTE
    ..\..\Libraries\STM32F10x_StdPeriph_Driver\src\stm32f10x_dbgmcu.c 0x00000000   Number         0  stm32f10x_dbgmcu.o ABSOLUTE
    ..\..\Libraries\STM32F10x_StdPeriph_Driver\src\stm32f10x_dma.c 0x00000000   Number         0  stm32f10x_dma.o ABSOLUTE
    ..\..\Libraries\STM32F10x_StdPeriph_Driver\src\stm32f10x_exti.c 0x00000000   Number         0  stm32f10x_exti.o ABSOLUTE
    ..\..\Libraries\STM32F10x_StdPeriph_Driver\src\stm32f10x_flash.c 0x00000000   Number         0  stm32f10x_flash.o ABSOLUTE
    ..\..\Libraries\STM32F10x_StdPeriph_Driver\src\stm32f10x_fsmc.c 0x00000000   Number         0  stm32f10x_fsmc.o ABSOLUTE
    ..\..\Libraries\STM32F10x_StdPeriph_Driver\src\stm32f10x_gpio.c 0x00000000   Number         0  stm32f10x_gpio.o ABSOLUTE
    ..\..\Libraries\STM32F10x_StdPeriph_Driver\src\stm32f10x_i2c.c 0x00000000   Number         0  stm32f10x_i2c.o ABSOLUTE
    ..\..\Libraries\STM32F10x_StdPeriph_Driver\src\stm32f10x_iwdg.c 0x00000000   Number         0  stm32f10x_iwdg.o ABSOLUTE
    ..\..\Libraries\STM32F10x_StdPeriph_Driver\src\stm32f10x_pwr.c 0x00000000   Number         0  stm32f10x_pwr.o ABSOLUTE
    ..\..\Libraries\STM32F10x_StdPeriph_Driver\src\stm32f10x_rcc.c 0x00000000   Number         0  stm32f10x_rcc.o ABSOLUTE
    ..\..\Libraries\STM32F10x_StdPeriph_Driver\src\stm32f10x_rtc.c 0x00000000   Number         0  stm32f10x_rtc.o ABSOLUTE
    ..\..\Libraries\STM32F10x_StdPeriph_Driver\src\stm32f10x_sdio.c 0x00000000   Number         0  stm32f10x_sdio.o ABSOLUTE
    ..\..\Libraries\STM32F10x_StdPeriph_Driver\src\stm32f10x_spi.c 0x00000000   Number         0  stm32f10x_spi.o ABSOLUTE
    ..\..\Libraries\STM32F10x_StdPeriph_Driver\src\stm32f10x_tim.c 0x00000000   Number         0  stm32f10x_tim.o ABSOLUTE
    ..\..\Libraries\STM32F10x_StdPeriph_Driver\src\stm32f10x_usart.c 0x00000000   Number         0  stm32f10x_usart.o ABSOLUTE
    ..\..\Libraries\STM32F10x_StdPeriph_Driver\src\stm32f10x_wwdg.c 0x00000000   Number         0  stm32f10x_wwdg.o ABSOLUTE
    ..\..\Libraries\STM32F10x_StdPeriph_Driver\stm32f10x_it.c 0x00000000   Number         0  stm32f10x_it.o ABSOLUTE
    ..\User\ADE7758.c                        0x00000000   Number         0  ade7758.o ABSOLUTE
    ..\User\lcd5110.c                        0x00000000   Number         0  lcd5110.o ABSOLUTE
    ..\User\main.c                           0x00000000   Number         0  main.o ABSOLUTE
    ..\User\user_stm32f1xx_SysTick.c         0x00000000   Number         0  user_stm32f1xx_systick.o ABSOLUTE
    ..\User\user_stm32f1xx_TIM.c             0x00000000   Number         0  user_stm32f1xx_tim.o ABSOLUTE
    ..\User\user_stm32f1xx_clock.c           0x00000000   Number         0  user_stm32f1xx_clock.o ABSOLUTE
    ..\User\user_stm32f1xx_exti.c            0x00000000   Number         0  user_stm32f1xx_exti.o ABSOLUTE
    ..\User\user_stm32f1xx_gpio.c            0x00000000   Number         0  user_stm32f1xx_gpio.o ABSOLUTE
    ..\User\user_stm32f1xx_lcd_text.c        0x00000000   Number         0  user_stm32f1xx_lcd_text.o ABSOLUTE
    ..\User\user_stm32f1xx_spi.c             0x00000000   Number         0  user_stm32f1xx_spi.o ABSOLUTE
    ..\\..\\Libraries\\CMSIS\\CM3\\CoreSupport\\core_cm3.c 0x00000000   Number         0  core_cm3.o ABSOLUTE
    dc.s                                     0x00000000   Number         0  dc.o ABSOLUTE
    handlers.s                               0x00000000   Number         0  handlers.o ABSOLUTE
    init.s                                   0x00000000   Number         0  init.o ABSOLUTE
    RESET                                    0x08000000   Section      236  startup_stm32f10x_md.o(RESET)
    .ARM.Collect$$$$00000000                 0x080000ec   Section        0  entry.o(.ARM.Collect$$$$00000000)
    .ARM.Collect$$$$00000001                 0x080000ec   Section        4  entry2.o(.ARM.Collect$$$$00000001)
    .ARM.Collect$$$$00000004                 0x080000f0   Section        4  entry5.o(.ARM.Collect$$$$00000004)
    .ARM.Collect$$$$00000008                 0x080000f4   Section        0  entry7b.o(.ARM.Collect$$$$00000008)
    .ARM.Collect$$$$0000000A                 0x080000f4   Section        0  entry8b.o(.ARM.Collect$$$$0000000A)
    .ARM.Collect$$$$0000000B                 0x080000f4   Section        8  entry9a.o(.ARM.Collect$$$$0000000B)
    .ARM.Collect$$$$0000000D                 0x080000fc   Section        0  entry10a.o(.ARM.Collect$$$$0000000D)
    .ARM.Collect$$$$0000000F                 0x080000fc   Section        0  entry11a.o(.ARM.Collect$$$$0000000F)
    .ARM.Collect$$$$00002712                 0x080000fc   Section        4  entry2.o(.ARM.Collect$$$$00002712)
    __lit__00000000                          0x080000fc   Data           4  entry2.o(.ARM.Collect$$$$00002712)
    .text                                    0x08000100   Section       36  startup_stm32f10x_md.o(.text)
    .text                                    0x08000124   Section       36  init.o(.text)
    i.ADE7758_Read_16bit                     0x08000148   Section        0  ade7758.o(i.ADE7758_Read_16bit)
    i.ADE7758_Read_24bit                     0x08000178   Section        0  ade7758.o(i.ADE7758_Read_24bit)
    i.ADE7758_Read_8bit                      0x080001b0   Section        0  ade7758.o(i.ADE7758_Read_8bit)
    i.ADE7758_ZX_Pwr_Read                    0x080001d8   Section        0  ade7758.o(i.ADE7758_ZX_Pwr_Read)
    i.ADE7758_ZX_VI_Read                     0x08000206   Section        0  ade7758.o(i.ADE7758_ZX_VI_Read)
    i.APB2_Clock_Configuration               0x08000224   Section        0  user_stm32f1xx_clock.o(i.APB2_Clock_Configuration)
    i.Active_Pwr_Read                        0x08000230   Section        0  ade7758.o(i.Active_Pwr_Read)
    i.Apparent_Pwr_Read                      0x0800025a   Section        0  ade7758.o(i.Apparent_Pwr_Read)
    i.BusFault_Handler                       0x08000284   Section        0  stm32f10x_it.o(i.BusFault_Handler)
    i.Clock_Configuration                    0x08000288   Section        0  user_stm32f1xx_clock.o(i.Clock_Configuration)
    i.DebugMon_Handler                       0x0800029a   Section        0  stm32f10x_it.o(i.DebugMon_Handler)
    i.EXTI0_IRQHandler                       0x0800029c   Section        0  stm32f10x_it.o(i.EXTI0_IRQHandler)
    i.EXTI_ClearITPendingBit                 0x08000380   Section        0  stm32f10x_exti.o(i.EXTI_ClearITPendingBit)
    i.EXTI_GetITStatus                       0x0800038c   Section        0  stm32f10x_exti.o(i.EXTI_GetITStatus)
    i.GPIO_Configuration                     0x080003b4   Section        0  user_stm32f1xx_gpio.o(i.GPIO_Configuration)
    i.GPIO_Init                              0x0800040c   Section        0  stm32f10x_gpio.o(i.GPIO_Init)
    i.GPIO_ResetBits                         0x08000522   Section        0  stm32f10x_gpio.o(i.GPIO_ResetBits)
    i.GPIO_SPI_Configuration                 0x08000528   Section        0  user_stm32f1xx_gpio.o(i.GPIO_SPI_Configuration)
    i.GPIO_SetBits                           0x080005a0   Section        0  stm32f10x_gpio.o(i.GPIO_SetBits)
    i.General_Configuration                  0x080005a4   Section        0  main.o(i.General_Configuration)
    i.Get_Sequence_Data                      0x080005bc   Section        0  ade7758.o(i.Get_Sequence_Data)
    i.HardFault_Handler                      0x08000604   Section        0  stm32f10x_it.o(i.HardFault_Handler)
    i.Irms_Read                              0x08000608   Section        0  ade7758.o(i.Irms_Read)
    i.MemManage_Handler                      0x08000632   Section        0  stm32f10x_it.o(i.MemManage_Handler)
    i.NMI_Handler                            0x08000636   Section        0  stm32f10x_it.o(i.NMI_Handler)
    i.PendSV_Handler                         0x08000638   Section        0  stm32f10x_it.o(i.PendSV_Handler)
    i.RCC_APB2PeriphClockCmd                 0x0800063c   Section        0  stm32f10x_rcc.o(i.RCC_APB2PeriphClockCmd)
    i.RCC_PCLK2Config                        0x0800065c   Section        0  stm32f10x_rcc.o(i.RCC_PCLK2Config)
    i.Reactive_Pwr_Read                      0x08000674   Section        0  ade7758.o(i.Reactive_Pwr_Read)
    i.SPI_Cmd                                0x0800069e   Section        0  stm32f10x_spi.o(i.SPI_Cmd)
    i.SPI_Configuration                      0x080006b8   Section        0  user_stm32f1xx_spi.o(i.SPI_Configuration)
    i.SPI_I2S_GetFlagStatus                  0x08000718   Section        0  stm32f10x_spi.o(i.SPI_I2S_GetFlagStatus)
    i.SPI_I2S_ReceiveData                    0x0800072a   Section        0  stm32f10x_spi.o(i.SPI_I2S_ReceiveData)
    i.SPI_I2S_SendData                       0x08000730   Section        0  stm32f10x_spi.o(i.SPI_I2S_SendData)
    i.SPI_Init                               0x08000734   Section        0  stm32f10x_spi.o(i.SPI_Init)
    i.SPI_NSSInternalSoftwareConfig          0x08000770   Section        0  stm32f10x_spi.o(i.SPI_NSSInternalSoftwareConfig)
    i.SPI_ReadByte                           0x0800078e   Section        0  user_stm32f1xx_spi.o(i.SPI_ReadByte)
    i.SPI_WriteByte                          0x08000798   Section        0  user_stm32f1xx_spi.o(i.SPI_WriteByte)
    i.SPI_WriteRead8                         0x080007a4   Section        0  user_stm32f1xx_spi.o(i.SPI_WriteRead8)
    i.SVC_Handler                            0x080007dc   Section        0  stm32f10x_it.o(i.SVC_Handler)
    i.SetSysClock                            0x080007de   Section        0  system_stm32f10x.o(i.SetSysClock)
    SetSysClock                              0x080007df   Thumb Code     8  system_stm32f10x.o(i.SetSysClock)
    i.SetSysClockTo72                        0x080007e8   Section        0  system_stm32f10x.o(i.SetSysClockTo72)
    SetSysClockTo72                          0x080007e9   Thumb Code   214  system_stm32f10x.o(i.SetSysClockTo72)
    i.SysTick_Handler                        0x080008c8   Section        0  stm32f10x_it.o(i.SysTick_Handler)
    i.SystemInit                             0x080008d0   Section        0  system_stm32f10x.o(i.SystemInit)
    i.SystemTick_Timer_Init                  0x08000930   Section        0  user_stm32f1xx_systick.o(i.SystemTick_Timer_Init)
    i.TimingDelay_Decrement                  0x0800099c   Section        0  user_stm32f1xx_systick.o(i.TimingDelay_Decrement)
    i.UsageFault_Handler                     0x080009b4   Section        0  stm32f10x_it.o(i.UsageFault_Handler)
    i.Vrms_Read                              0x080009b8   Section        0  ade7758.o(i.Vrms_Read)
    i.__scatterload_copy                     0x080009e2   Section       14  handlers.o(i.__scatterload_copy)
    i.__scatterload_null                     0x080009f0   Section        2  handlers.o(i.__scatterload_null)
    i.__scatterload_zeroinit                 0x080009f2   Section       14  handlers.o(i.__scatterload_zeroinit)
    i.main                                   0x08000a00   Section        0  main.o(i.main)
    .data                                    0x20000000   Section       12  ade7758.o(.data)
    .data                                    0x2000000c   Section        1  main.o(.data)
    .data                                    0x2000000e   Section        4  user_stm32f1xx_gpio.o(.data)
    .data                                    0x20000014   Section        4  user_stm32f1xx_systick.o(.data)
    .data                                    0x20000018   Section       20  system_stm32f10x.o(.data)
    .bss                                     0x2000002c   Section      896  ade7758.o(.bss)
    STACK                                    0x200003b0   Section     1024  startup_stm32f10x_md.o(STACK)

    Global Symbols

    Symbol Name                              Value     Ov Type        Size  Object(Section)

    BuildAttributes$$THM_ISAv4$P$D$K$B$S$PE$A:L22UL41UL21$X:L11$S22US41US21$IEEE1$IW$USESV6$~STKCKD$USESV7$~SHL$OTIME$ROPI$EBA8$MICROLIB$REQ8$PRES8$EABIv2 0x00000000   Number         0  anon$$obj.o ABSOLUTE
    __ARM_use_no_argv                        0x00000000   Number         0  main.o ABSOLUTE
    __cpp_initialize__aeabi_                  - Undefined Weak Reference
    __cxa_finalize                            - Undefined Weak Reference
    __decompress                              - Undefined Weak Reference
    _clock_init                               - Undefined Weak Reference
    _microlib_exit                            - Undefined Weak Reference
    __Vectors_Size                           0x000000ec   Number         0  startup_stm32f10x_md.o ABSOLUTE
    __Vectors                                0x08000000   Data           4  startup_stm32f10x_md.o(RESET)
    __Vectors_End                            0x080000ec   Data           0  startup_stm32f10x_md.o(RESET)
    __main                                   0x080000ed   Thumb Code     0  entry.o(.ARM.Collect$$$$00000000)
    _main_stk                                0x080000ed   Thumb Code     0  entry2.o(.ARM.Collect$$$$00000001)
    _main_scatterload                        0x080000f1   Thumb Code     0  entry5.o(.ARM.Collect$$$$00000004)
    __main_after_scatterload                 0x080000f5   Thumb Code     0  entry5.o(.ARM.Collect$$$$00000004)
    _main_clock                              0x080000f5   Thumb Code     0  entry7b.o(.ARM.Collect$$$$00000008)
    _main_cpp_init                           0x080000f5   Thumb Code     0  entry8b.o(.ARM.Collect$$$$0000000A)
    _main_init                               0x080000f5   Thumb Code     0  entry9a.o(.ARM.Collect$$$$0000000B)
    __rt_final_cpp                           0x080000fd   Thumb Code     0  entry10a.o(.ARM.Collect$$$$0000000D)
    __rt_final_exit                          0x080000fd   Thumb Code     0  entry11a.o(.ARM.Collect$$$$0000000F)
    Reset_Handler                            0x08000101   Thumb Code     8  startup_stm32f10x_md.o(.text)
    ADC1_2_IRQHandler                        0x0800011b   Thumb Code     0  startup_stm32f10x_md.o(.text)
    CAN1_RX1_IRQHandler                      0x0800011b   Thumb Code     0  startup_stm32f10x_md.o(.text)
    CAN1_SCE_IRQHandler                      0x0800011b   Thumb Code     0  startup_stm32f10x_md.o(.text)
    DMA1_Channel1_IRQHandler                 0x0800011b   Thumb Code     0  startup_stm32f10x_md.o(.text)
    DMA1_Channel2_IRQHandler                 0x0800011b   Thumb Code     0  startup_stm32f10x_md.o(.text)
    DMA1_Channel3_IRQHandler                 0x0800011b   Thumb Code     0  startup_stm32f10x_md.o(.text)
    DMA1_Channel4_IRQHandler                 0x0800011b   Thumb Code     0  startup_stm32f10x_md.o(.text)
    DMA1_Channel5_IRQHandler                 0x0800011b   Thumb Code     0  startup_stm32f10x_md.o(.text)
    DMA1_Channel6_IRQHandler                 0x0800011b   Thumb Code     0  startup_stm32f10x_md.o(.text)
    DMA1_Channel7_IRQHandler                 0x0800011b   Thumb Code     0  startup_stm32f10x_md.o(.text)
    EXTI15_10_IRQHandler                     0x0800011b   Thumb Code     0  startup_stm32f10x_md.o(.text)
    EXTI1_IRQHandler                         0x0800011b   Thumb Code     0  startup_stm32f10x_md.o(.text)
    EXTI2_IRQHandler                         0x0800011b   Thumb Code     0  startup_stm32f10x_md.o(.text)
    EXTI3_IRQHandler                         0x0800011b   Thumb Code     0  startup_stm32f10x_md.o(.text)
    EXTI4_IRQHandler                         0x0800011b   Thumb Code     0  startup_stm32f10x_md.o(.text)
    EXTI9_5_IRQHandler                       0x0800011b   Thumb Code     0  startup_stm32f10x_md.o(.text)
    FLASH_IRQHandler                         0x0800011b   Thumb Code     0  startup_stm32f10x_md.o(.text)
    I2C1_ER_IRQHandler                       0x0800011b   Thumb Code     0  startup_stm32f10x_md.o(.text)
    I2C1_EV_IRQHandler                       0x0800011b   Thumb Code     0  startup_stm32f10x_md.o(.text)
    I2C2_ER_IRQHandler                       0x0800011b   Thumb Code     0  startup_stm32f10x_md.o(.text)
    I2C2_EV_IRQHandler                       0x0800011b   Thumb Code     0  startup_stm32f10x_md.o(.text)
    PVD_IRQHandler                           0x0800011b   Thumb Code     0  startup_stm32f10x_md.o(.text)
    RCC_IRQHandler                           0x0800011b   Thumb Code     0  startup_stm32f10x_md.o(.text)
    RTCAlarm_IRQHandler                      0x0800011b   Thumb Code     0  startup_stm32f10x_md.o(.text)
    RTC_IRQHandler                           0x0800011b   Thumb Code     0  startup_stm32f10x_md.o(.text)
    SPI1_IRQHandler                          0x0800011b   Thumb Code     0  startup_stm32f10x_md.o(.text)
    SPI2_IRQHandler                          0x0800011b   Thumb Code     0  startup_stm32f10x_md.o(.text)
    TAMPER_IRQHandler                        0x0800011b   Thumb Code     0  startup_stm32f10x_md.o(.text)
    TIM1_BRK_IRQHandler                      0x0800011b   Thumb Code     0  startup_stm32f10x_md.o(.text)
    TIM1_CC_IRQHandler                       0x0800011b   Thumb Code     0  startup_stm32f10x_md.o(.text)
    TIM1_TRG_COM_IRQHandler                  0x0800011b   Thumb Code     0  startup_stm32f10x_md.o(.text)
    TIM1_UP_IRQHandler                       0x0800011b   Thumb Code     0  startup_stm32f10x_md.o(.text)
    TIM2_IRQHandler                          0x0800011b   Thumb Code     0  startup_stm32f10x_md.o(.text)
    TIM3_IRQHandler                          0x0800011b   Thumb Code     0  startup_stm32f10x_md.o(.text)
    TIM4_IRQHandler                          0x0800011b   Thumb Code     0  startup_stm32f10x_md.o(.text)
    USART1_IRQHandler                        0x0800011b   Thumb Code     0  startup_stm32f10x_md.o(.text)
    USART2_IRQHandler                        0x0800011b   Thumb Code     0  startup_stm32f10x_md.o(.text)
    USART3_IRQHandler                        0x0800011b   Thumb Code     0  startup_stm32f10x_md.o(.text)
    USBWakeUp_IRQHandler                     0x0800011b   Thumb Code     0  startup_stm32f10x_md.o(.text)
    USB_HP_CAN1_TX_IRQHandler                0x0800011b   Thumb Code     0  startup_stm32f10x_md.o(.text)
    USB_LP_CAN1_RX0_IRQHandler               0x0800011b   Thumb Code     0  startup_stm32f10x_md.o(.text)
    WWDG_IRQHandler                          0x0800011b   Thumb Code     0  startup_stm32f10x_md.o(.text)
    __scatterload                            0x08000125   Thumb Code    28  init.o(.text)
    __scatterload_rt2                        0x08000125   Thumb Code     0  init.o(.text)
    ADE7758_Read_16bit                       0x08000149   Thumb Code    44  ade7758.o(i.ADE7758_Read_16bit)
    ADE7758_Read_24bit                       0x08000179   Thumb Code    52  ade7758.o(i.ADE7758_Read_24bit)
    ADE7758_Read_8bit                        0x080001b1   Thumb Code    36  ade7758.o(i.ADE7758_Read_8bit)
    ADE7758_ZX_Pwr_Read                      0x080001d9   Thumb Code    46  ade7758.o(i.ADE7758_ZX_Pwr_Read)
    ADE7758_ZX_VI_Read                       0x08000207   Thumb Code    30  ade7758.o(i.ADE7758_ZX_VI_Read)
    APB2_Clock_Configuration                 0x08000225   Thumb Code    12  user_stm32f1xx_clock.o(i.APB2_Clock_Configuration)
    Active_Pwr_Read                          0x08000231   Thumb Code    42  ade7758.o(i.Active_Pwr_Read)
    Apparent_Pwr_Read                        0x0800025b   Thumb Code    42  ade7758.o(i.Apparent_Pwr_Read)
    BusFault_Handler                         0x08000285   Thumb Code     4  stm32f10x_it.o(i.BusFault_Handler)
    Clock_Configuration                      0x08000289   Thumb Code    18  user_stm32f1xx_clock.o(i.Clock_Configuration)
    DebugMon_Handler                         0x0800029b   Thumb Code     2  stm32f10x_it.o(i.DebugMon_Handler)
    EXTI0_IRQHandler                         0x0800029d   Thumb Code   196  stm32f10x_it.o(i.EXTI0_IRQHandler)
    EXTI_ClearITPendingBit                   0x08000381   Thumb Code     6  stm32f10x_exti.o(i.EXTI_ClearITPendingBit)
    EXTI_GetITStatus                         0x0800038d   Thumb Code    34  stm32f10x_exti.o(i.EXTI_GetITStatus)
    GPIO_Configuration                       0x080003b5   Thumb Code    76  user_stm32f1xx_gpio.o(i.GPIO_Configuration)
    GPIO_Init                                0x0800040d   Thumb Code   278  stm32f10x_gpio.o(i.GPIO_Init)
    GPIO_ResetBits                           0x08000523   Thumb Code     4  stm32f10x_gpio.o(i.GPIO_ResetBits)
    GPIO_SPI_Configuration                   0x08000529   Thumb Code   112  user_stm32f1xx_gpio.o(i.GPIO_SPI_Configuration)
    GPIO_SetBits                             0x080005a1   Thumb Code     4  stm32f10x_gpio.o(i.GPIO_SetBits)
    General_Configuration                    0x080005a5   Thumb Code    24  main.o(i.General_Configuration)
    Get_Sequence_Data                        0x080005bd   Thumb Code    50  ade7758.o(i.Get_Sequence_Data)
    HardFault_Handler                        0x08000605   Thumb Code     4  stm32f10x_it.o(i.HardFault_Handler)
    Irms_Read                                0x08000609   Thumb Code    42  ade7758.o(i.Irms_Read)
    MemManage_Handler                        0x08000633   Thumb Code     4  stm32f10x_it.o(i.MemManage_Handler)
    NMI_Handler                              0x08000637   Thumb Code     2  stm32f10x_it.o(i.NMI_Handler)
    PendSV_Handler                           0x08000639   Thumb Code     2  stm32f10x_it.o(i.PendSV_Handler)
    RCC_APB2PeriphClockCmd                   0x0800063d   Thumb Code    26  stm32f10x_rcc.o(i.RCC_APB2PeriphClockCmd)
    RCC_PCLK2Config                          0x0800065d   Thumb Code    20  stm32f10x_rcc.o(i.RCC_PCLK2Config)
    Reactive_Pwr_Read                        0x08000675   Thumb Code    42  ade7758.o(i.Reactive_Pwr_Read)
    SPI_Cmd                                  0x0800069f   Thumb Code    24  stm32f10x_spi.o(i.SPI_Cmd)
    SPI_Configuration                        0x080006b9   Thumb Code    90  user_stm32f1xx_spi.o(i.SPI_Configuration)
    SPI_I2S_GetFlagStatus                    0x08000719   Thumb Code    18  stm32f10x_spi.o(i.SPI_I2S_GetFlagStatus)
    SPI_I2S_ReceiveData                      0x0800072b   Thumb Code     6  stm32f10x_spi.o(i.SPI_I2S_ReceiveData)
    SPI_I2S_SendData                         0x08000731   Thumb Code     4  stm32f10x_spi.o(i.SPI_I2S_SendData)
    SPI_Init                                 0x08000735   Thumb Code    60  stm32f10x_spi.o(i.SPI_Init)
    SPI_NSSInternalSoftwareConfig            0x08000771   Thumb Code    30  stm32f10x_spi.o(i.SPI_NSSInternalSoftwareConfig)
    SPI_ReadByte                             0x0800078f   Thumb Code    10  user_stm32f1xx_spi.o(i.SPI_ReadByte)
    SPI_WriteByte                            0x08000799   Thumb Code    12  user_stm32f1xx_spi.o(i.SPI_WriteByte)
    SPI_WriteRead8                           0x080007a5   Thumb Code    52  user_stm32f1xx_spi.o(i.SPI_WriteRead8)
    SVC_Handler                              0x080007dd   Thumb Code     2  stm32f10x_it.o(i.SVC_Handler)
    SysTick_Handler                          0x080008c9   Thumb Code     8  stm32f10x_it.o(i.SysTick_Handler)
    SystemInit                               0x080008d1   Thumb Code    78  system_stm32f10x.o(i.SystemInit)
    SystemTick_Timer_Init                    0x08000931   Thumb Code    90  user_stm32f1xx_systick.o(i.SystemTick_Timer_Init)
    TimingDelay_Decrement                    0x0800099d   Thumb Code    18  user_stm32f1xx_systick.o(i.TimingDelay_Decrement)
    UsageFault_Handler                       0x080009b5   Thumb Code     4  stm32f10x_it.o(i.UsageFault_Handler)
    Vrms_Read                                0x080009b9   Thumb Code    42  ade7758.o(i.Vrms_Read)
    __scatterload_copy                       0x080009e3   Thumb Code    14  handlers.o(i.__scatterload_copy)
    __scatterload_null                       0x080009f1   Thumb Code     2  handlers.o(i.__scatterload_null)
    __scatterload_zeroinit                   0x080009f3   Thumb Code    14  handlers.o(i.__scatterload_zeroinit)
    main                                     0x08000a01   Thumb Code    18  main.o(i.main)
    Region$$Table$$Base                      0x08000a18   Number         0  anon$$obj.o(Region$$Table)
    Region$$Table$$Limit                     0x08000a38   Number         0  anon$$obj.o(Region$$Table)
    Vrms_avg                                 0x20000000   Data           4  ade7758.o(.data)
    Irms_avg                                 0x20000004   Data           4  ade7758.o(.data)
    calib_flag                               0x20000008   Data           1  ade7758.o(.data)
    phase_flag                               0x20000009   Data           1  ade7758.o(.data)
    k                                        0x2000000a   Data           1  ade7758.o(.data)
    check                                    0x2000000b   Data           1  ade7758.o(.data)
    get_data                                 0x2000000c   Data           1  main.o(.data)
    GPIO_InitStructure                       0x2000000e   Data           4  user_stm32f1xx_gpio.o(.data)
    Us_Ticks                                 0x20000014   Data           4  user_stm32f1xx_systick.o(.data)
    SystemCoreClock                          0x20000018   Data           4  system_stm32f10x.o(.data)
    AHBPrescTable                            0x2000001c   Data          16  system_stm32f10x.o(.data)
    get_data_v                               0x2000002c   Data         400  ade7758.o(.bss)
    get_data_i                               0x200001bc   Data         400  ade7758.o(.bss)
    v_data                                   0x2000034c   Data          12  ade7758.o(.bss)
    i_data                                   0x20000358   Data          12  ade7758.o(.bss)
    watthr                                   0x20000364   Data          12  ade7758.o(.bss)
    varhr                                    0x20000370   Data          12  ade7758.o(.bss)
    vahr                                     0x2000037c   Data          12  ade7758.o(.bss)
    wh_lsb                                   0x20000388   Data          12  ade7758.o(.bss)
    varh_lsb                                 0x20000394   Data          12  ade7758.o(.bss)
    vah_lsb                                  0x200003a0   Data          12  ade7758.o(.bss)
    __initial_sp                             0x200007b0   Data           0  startup_stm32f10x_md.o(STACK)



==============================================================================

Memory Map of the image

  Image Entry point : 0x080000ed

  Load Region LR_IROM1 (Base: 0x08000000, Size: 0x00000a64, Max: 0x00010000, ABSOLUTE)

    Execution Region ER_IROM1 (Exec base: 0x08000000, Load base: 0x08000000, Size: 0x00000a38, Max: 0x00010000, ABSOLUTE)

    Exec Addr    Load Addr    Size         Type   Attr      Idx    E Section Name        Object

    0x08000000   0x08000000   0x000000ec   Data   RO         3816    RESET               startup_stm32f10x_md.o
    0x080000ec   0x080000ec   0x00000000   Code   RO         3821  * .ARM.Collect$$$$00000000  mc_w.l(entry.o)
    0x080000ec   0x080000ec   0x00000004   Code   RO         3826    .ARM.Collect$$$$00000001  mc_w.l(entry2.o)
    0x080000f0   0x080000f0   0x00000004   Code   RO         3829    .ARM.Collect$$$$00000004  mc_w.l(entry5.o)
    0x080000f4   0x080000f4   0x00000000   Code   RO         3831    .ARM.Collect$$$$00000008  mc_w.l(entry7b.o)
    0x080000f4   0x080000f4   0x00000000   Code   RO         3833    .ARM.Collect$$$$0000000A  mc_w.l(entry8b.o)
    0x080000f4   0x080000f4   0x00000008   Code   RO         3834    .ARM.Collect$$$$0000000B  mc_w.l(entry9a.o)
    0x080000fc   0x080000fc   0x00000000   Code   RO         3836    .ARM.Collect$$$$0000000D  mc_w.l(entry10a.o)
    0x080000fc   0x080000fc   0x00000000   Code   RO         3838    .ARM.Collect$$$$0000000F  mc_w.l(entry11a.o)
    0x080000fc   0x080000fc   0x00000004   Code   RO         3827    .ARM.Collect$$$$00002712  mc_w.l(entry2.o)
    0x08000100   0x08000100   0x00000024   Code   RO         3817    .text               startup_stm32f10x_md.o
    0x08000124   0x08000124   0x00000024   Code   RO         3843    .text               mc_w.l(init.o)
    0x08000148   0x08000148   0x00000030   Code   RO          136    i.ADE7758_Read_16bit  ade7758.o
    0x08000178   0x08000178   0x00000038   Code   RO          137    i.ADE7758_Read_24bit  ade7758.o
    0x080001b0   0x080001b0   0x00000028   Code   RO          138    i.ADE7758_Read_8bit  ade7758.o
    0x080001d8   0x080001d8   0x0000002e   Code   RO          142    i.ADE7758_ZX_Pwr_Read  ade7758.o
    0x08000206   0x08000206   0x0000001e   Code   RO          143    i.ADE7758_ZX_VI_Read  ade7758.o
    0x08000224   0x08000224   0x0000000c   Code   RO          363    i.APB2_Clock_Configuration  user_stm32f1xx_clock.o
    0x08000230   0x08000230   0x0000002a   Code   RO          144    i.Active_Pwr_Read   ade7758.o
    0x0800025a   0x0800025a   0x0000002a   Code   RO          145    i.Apparent_Pwr_Read  ade7758.o
    0x08000284   0x08000284   0x00000004   Code   RO            1    i.BusFault_Handler  stm32f10x_it.o
    0x08000288   0x08000288   0x00000012   Code   RO          364    i.Clock_Configuration  user_stm32f1xx_clock.o
    0x0800029a   0x0800029a   0x00000002   Code   RO            2    i.DebugMon_Handler  stm32f10x_it.o
    0x0800029c   0x0800029c   0x000000e4   Code   RO            3    i.EXTI0_IRQHandler  stm32f10x_it.o
    0x08000380   0x08000380   0x0000000c   Code   RO         1558    i.EXTI_ClearITPendingBit  stm32f10x_exti.o
    0x0800038c   0x0800038c   0x00000028   Code   RO         1562    i.EXTI_GetITStatus  stm32f10x_exti.o
    0x080003b4   0x080003b4   0x00000058   Code   RO          429    i.GPIO_Configuration  user_stm32f1xx_gpio.o
    0x0800040c   0x0800040c   0x00000116   Code   RO         1920    i.GPIO_Init         stm32f10x_gpio.o
    0x08000522   0x08000522   0x00000004   Code   RO         1927    i.GPIO_ResetBits    stm32f10x_gpio.o
    0x08000526   0x08000526   0x00000002   PAD
    0x08000528   0x08000528   0x00000078   Code   RO          431    i.GPIO_SPI_Configuration  user_stm32f1xx_gpio.o
    0x080005a0   0x080005a0   0x00000004   Code   RO         1928    i.GPIO_SetBits      stm32f10x_gpio.o
    0x080005a4   0x080005a4   0x00000018   Code   RO          328    i.General_Configuration  main.o
    0x080005bc   0x080005bc   0x00000048   Code   RO          146    i.Get_Sequence_Data  ade7758.o
    0x08000604   0x08000604   0x00000004   Code   RO            4    i.HardFault_Handler  stm32f10x_it.o
    0x08000608   0x08000608   0x0000002a   Code   RO          147    i.Irms_Read         ade7758.o
    0x08000632   0x08000632   0x00000004   Code   RO            5    i.MemManage_Handler  stm32f10x_it.o
    0x08000636   0x08000636   0x00000002   Code   RO            6    i.NMI_Handler       stm32f10x_it.o
    0x08000638   0x08000638   0x00000002   Code   RO            7    i.PendSV_Handler    stm32f10x_it.o
    0x0800063a   0x0800063a   0x00000002   PAD
    0x0800063c   0x0800063c   0x00000020   Code   RO         2350    i.RCC_APB2PeriphClockCmd  stm32f10x_rcc.o
    0x0800065c   0x0800065c   0x00000018   Code   RO         2370    i.RCC_PCLK2Config   stm32f10x_rcc.o
    0x08000674   0x08000674   0x0000002a   Code   RO          148    i.Reactive_Pwr_Read  ade7758.o
    0x0800069e   0x0800069e   0x00000018   Code   RO         2836    i.SPI_Cmd           stm32f10x_spi.o
    0x080006b6   0x080006b6   0x00000002   PAD
    0x080006b8   0x080006b8   0x00000060   Code   RO          516    i.SPI_Configuration  user_stm32f1xx_spi.o
    0x08000718   0x08000718   0x00000012   Code   RO         2844    i.SPI_I2S_GetFlagStatus  stm32f10x_spi.o
    0x0800072a   0x0800072a   0x00000006   Code   RO         2847    i.SPI_I2S_ReceiveData  stm32f10x_spi.o
    0x08000730   0x08000730   0x00000004   Code   RO         2848    i.SPI_I2S_SendData  stm32f10x_spi.o
    0x08000734   0x08000734   0x0000003c   Code   RO         2849    i.SPI_Init          stm32f10x_spi.o
    0x08000770   0x08000770   0x0000001e   Code   RO         2850    i.SPI_NSSInternalSoftwareConfig  stm32f10x_spi.o
    0x0800078e   0x0800078e   0x0000000a   Code   RO          518    i.SPI_ReadByte      user_stm32f1xx_spi.o
    0x08000798   0x08000798   0x0000000c   Code   RO          521    i.SPI_WriteByte     user_stm32f1xx_spi.o
    0x080007a4   0x080007a4   0x00000038   Code   RO          523    i.SPI_WriteRead8    user_stm32f1xx_spi.o
    0x080007dc   0x080007dc   0x00000002   Code   RO            8    i.SVC_Handler       stm32f10x_it.o
    0x080007de   0x080007de   0x00000008   Code   RO         3780    i.SetSysClock       system_stm32f10x.o
    0x080007e6   0x080007e6   0x00000002   PAD
    0x080007e8   0x080007e8   0x000000e0   Code   RO         3781    i.SetSysClockTo72   system_stm32f10x.o
    0x080008c8   0x080008c8   0x00000008   Code   RO            9    i.SysTick_Handler   stm32f10x_it.o
    0x080008d0   0x080008d0   0x00000060   Code   RO         3783    i.SystemInit        system_stm32f10x.o
    0x08000930   0x08000930   0x0000006c   Code   RO          572    i.SystemTick_Timer_Init  user_stm32f1xx_systick.o
    0x0800099c   0x0800099c   0x00000018   Code   RO          573    i.TimingDelay_Decrement  user_stm32f1xx_systick.o
    0x080009b4   0x080009b4   0x00000004   Code   RO           10    i.UsageFault_Handler  stm32f10x_it.o
    0x080009b8   0x080009b8   0x0000002a   Code   RO          149    i.Vrms_Read         ade7758.o
    0x080009e2   0x080009e2   0x0000000e   Code   RO         3847    i.__scatterload_copy  mc_w.l(handlers.o)
    0x080009f0   0x080009f0   0x00000002   Code   RO         3848    i.__scatterload_null  mc_w.l(handlers.o)
    0x080009f2   0x080009f2   0x0000000e   Code   RO         3849    i.__scatterload_zeroinit  mc_w.l(handlers.o)
    0x08000a00   0x08000a00   0x00000018   Code   RO          329    i.main              main.o
    0x08000a18   0x08000a18   0x00000020   Data   RO         3845    Region$$Table       anon$$obj.o


    Execution Region RW_IRAM1 (Exec base: 0x20000000, Load base: 0x08000a38, Size: 0x000007b0, Max: 0x00005000, ABSOLUTE)

    Exec Addr    Load Addr    Size         Type   Attr      Idx    E Section Name        Object

    0x20000000   0x08000a38   0x0000000c   Data   RW          151    .data               ade7758.o
    0x2000000c   0x08000a44   0x00000001   Data   RW          330    .data               main.o
    0x2000000d   0x08000a45   0x00000001   PAD
    0x2000000e   0x08000a46   0x00000004   Data   RW          432    .data               user_stm32f1xx_gpio.o
    0x20000012   0x08000a4a   0x00000002   PAD
    0x20000014   0x08000a4c   0x00000004   Data   RW          574    .data               user_stm32f1xx_systick.o
    0x20000018   0x08000a50   0x00000014   Data   RW         3784    .data               system_stm32f10x.o
    0x2000002c        -       0x00000380   Zero   RW          150    .bss                ade7758.o
    0x200003ac   0x08000a64   0x00000004   PAD
    0x200003b0        -       0x00000400   Zero   RW         3814    STACK               startup_stm32f10x_md.o


==============================================================================

Image component sizes


      Code (inc. data)   RO Data    RW Data    ZI Data      Debug   Object Name

       502         34          0         12        896       7947   ade7758.o
         0          0          0          0          0         32   core_cm3.o
        48          6          0          1          0       1210   main.o
        36          8        236          0       1024        948   startup_stm32f10x_md.o
        52         12          0          0          0       1292   stm32f10x_exti.o
       286          0          0          0          0      12056   stm32f10x_gpio.o
       260         32          0          0          0     227417   stm32f10x_it.o
        56         10          0          0          0       1275   stm32f10x_rcc.o
       142          0          0          0          0      12234   stm32f10x_spi.o
       328         28          0         20          0       2885   system_stm32f10x.o
        30          0          0          0          0       1033   user_stm32f1xx_clock.o
       208         20          0          4          0       1499   user_stm32f1xx_gpio.o
       174         10          0          0          0       2368   user_stm32f1xx_spi.o
       132         24          0          4          0      17186   user_stm32f1xx_systick.o

    ----------------------------------------------------------------------
      2262        184        268         44       1924     289382   Object Totals
         0          0         32          0          0          0   (incl. Generated)
         8          0          0          3          4          0   (incl. Padding)

    ----------------------------------------------------------------------

      Code (inc. data)   RO Data    RW Data    ZI Data      Debug   Library Member Name

         0          0          0          0          0          0   entry.o
         0          0          0          0          0          0   entry10a.o
         0          0          0          0          0          0   entry11a.o
         8          4          0          0          0          0   entry2.o
         4          0          0          0          0          0   entry5.o
         0          0          0          0          0          0   entry7b.o
         0          0          0          0          0          0   entry8b.o
         8          4          0          0          0          0   entry9a.o
        30          0          0          0          0          0   handlers.o
        36          8          0          0          0         68   init.o

    ----------------------------------------------------------------------
        86         16          0          0          0         68   Library Totals
         0          0          0          0          0          0   (incl. Padding)

    ----------------------------------------------------------------------

      Code (inc. data)   RO Data    RW Data    ZI Data      Debug   Library Name

        86         16          0          0          0         68   mc_w.l

    ----------------------------------------------------------------------
        86         16          0          0          0         68   Library Totals

    ----------------------------------------------------------------------

==============================================================================


      Code (inc. data)   RO Data    RW Data    ZI Data      Debug   

      2348        200        268         44       1924     287262   Grand Totals
      2348        200        268         44       1924     287262   ELF Image Totals
      2348        200        268         44          0          0   ROM Totals

==============================================================================

    Total RO  Size (Code + RO Data)                 2616 (   2.55kB)
    Total RW  Size (RW Data + ZI Data)              1968 (   1.92kB)
    Total ROM Size (Code + RO Data + RW Data)       2660 (   2.60kB)

==============================================================================

